// Jest Snapshot v1, https://goo.gl/fbAQLP

exports[`ErrorContent matches snapshot 1`] = `
<DocumentFragment>
  .c0 {
  align-items: center;
  border: 1px solid rgb(250, 198, 15);
  border-radius: 6px;
  color: rgb(32, 32, 32);
  display: inline-flex;
  flex-basis: 600px;
  flex-flow: row nowrap;
  font-size: 32px;
  justify-content: center;
  margin: 32px;
  padding: 64px 32px;
  padding-top: 64px;
  padding-bottom: 64px;
}

<div
    class="c0"
  />
</DocumentFragment>
`;
