// Vitest Snapshot v1, https://vitest.dev/guide/snapshot.html

exports[`ErrorBox > matches snapshot 1`] = `
<DocumentFragment>
  .c0 {
  align-items: center;
  cursor: default;
  display: flex;
  flex: 1;
  height: auto;
  justify-content: center;
  user-select: none;
}

<div
    class="c0"
  />
</DocumentFragment>
`;
