// Jest Snapshot v1, https://goo.gl/fbAQLP

exports[`<TableLineItem/> matches snapshot 1`] = `
<DocumentFragment>
  .c0 {
  -webkit-align-items: center;
  -webkit-box-align: center;
  -ms-flex-align: center;
  align-items: center;
  background-color: rgb(255,255,255);
  box-shadow: inset 0 -1px hsl(0,0%,92%);
  display: -webkit-box;
  display: -webkit-flex;
  display: -ms-flexbox;
  display: flex;
  -webkit-flex-wrap: wrap;
  -ms-flex-wrap: wrap;
  flex-wrap: wrap;
  min-height: 36px;
  width: 100%;
  cursor: pointer;
}

.c0:hover {
  background-color: hsl(0,0%,98%);
}

.c0:focus {
  outline: -webkit-focus-ring-color auto 5px;
}

.c0:focus:active:hover {
  outline: 0;
}

.c0 > * {
  padding-right: 16px;
  padding-top: 7px;
  padding-bottom: 7px;
  overflow: hidden;
  text-overflow: ellipsis;
  white-space: nowrap;
}

.c0 > *:first-child {
  padding-left: 16px;
}

.c1 {
  -webkit-flex: 1 1 12%;
  -ms-flex: 1 1 12%;
  flex: 1 1 12%;
  text-align: left;
}

.c7 {
  color: hsl(0,100%,42.5%);
  -webkit-flex: 1 1 12%;
  -ms-flex: 1 1 12%;
  flex: 1 1 12%;
  text-align: left;
}

.c2 {
  -webkit-flex: 1 1 20%;
  -ms-flex: 1 1 20%;
  flex: 1 1 20%;
  position: relative;
}

.c6 {
  padding-top: 4px;
  padding-bottom: 4px;
}

.c6 svg {
  height: 24px;
}

.c4 {
  background-color: rgb(230,230,230);
  border-radius: 1px 4px 4px 1px;
  bottom: 0;
  height: 3px;
  left: 0;
  position: absolute;
  right: 16px;
}

.c5 {
  background-color: currentColor;
  border-radius: inherit;
  bottom: 0;
  color: rgb(32,154,38);
  left: 0;
  min-width: 2px;
  position: absolute;
  top: 0;
  width: 20%;
}

.c3 {
  display: -webkit-box;
  display: -webkit-flex;
  display: -ms-flexbox;
  display: flex;
  -webkit-align-items: center;
  -webkit-box-align: center;
  -ms-flex-align: center;
  align-items: center;
}

.c3 > div {
  margin-top: 5px;
  white-space: nowrap;
  overflow: hidden;
  text-overflow: ellipsis;
  min-width: 0;
}

<li
    class="c0"
    role="link"
    tabindex="0"
  >
    <div
      class="c1 c2"
    >
      <div
        class="c3"
      >
        <div>
          CatalogStream
        </div>
      </div>
      <div
        class="c4"
      >
        <div
          class="c5"
          width="20"
        />
      </div>
    </div>
    <div
      class="c1 c6"
    >
      <svg
        focusable="false"
        preserveAspectRatio="xMaxYMin"
        viewBox="0 0 240 32"
      >
        <g>
          <circle
            cx="2"
            cy="29.999999999999996"
            r="2"
            style="stroke: currentColor; stroke-width: 0; fill-opacity: .1; fill: none; pointer-events: auto;"
          />
          <circle
            cx="80.66666666666667"
            cy="29.442675159235666"
            r="2"
            style="stroke: currentColor; stroke-width: 0; fill-opacity: .1; fill: none; pointer-events: auto;"
          />
          <circle
            cx="159.33333333333334"
            cy="20.4140127388535"
            r="2"
            style="stroke: currentColor; stroke-width: 0; fill-opacity: .1; fill: none; pointer-events: auto;"
          />
          <circle
            cx="238"
            cy="2"
            r="2"
            style="stroke: currentColor; stroke-width: 0; fill-opacity: .1; fill: none; pointer-events: auto;"
          />
          <polyline
            points="2 29.999999999999996 80.66666666666667 29.442675159235666 159.33333333333334 20.4140127388535 238 2 238 30 2 30 2 29.999999999999996"
            style="stroke: currentColor; stroke-width: 0; fill-opacity: .1; fill: none; pointer-events: auto;"
          />
          <polyline
            points="2 29.999999999999996 80.66666666666667 29.442675159235666 159.33333333333334 20.4140127388535 238 2"
            style="stroke: currentColor; stroke-width: 1; stroke-linejoin: round; stroke-linecap: round; fill: none;"
          />
        </g>
        <line
          style="stroke: grey; opacity: 0.4;"
          x1="2"
          x2="238"
          y1="22.46417197452229"
          y2="22.46417197452229"
        />
      </svg>
    </div>
    <div
      class="c1"
      style="text-align: right;"
    >
      14,333
    </div>
    <div
      class="c7"
      style="text-align: right;"
    >
      10.000%
    </div>
    <div
      class="c1"
      style="text-align: right; display: flex; flex-direction: column;"
    >
      <div>
        445 ms
      </div>
      <div>
        35 ms
      </div>
    </div>
  </li>
</DocumentFragment>
`;
