// Jest Snapshot v1, https://goo.gl/fbAQLP

exports[`Inspector matches snapshot 1`] = `
<div
  class="sc-aXZVg hPWKod"
>
  <div
    class="sc-gEvEer hUelLp"
  >
    <input
      aria-label="Search All Metrics"
      class="sc-dcJsrY ywDKU"
      placeholder="Search"
      type="search"
      value=""
    />
    <label>
      <input
        class="sc-iGgWBj dJFdte"
        name="hideZeroMetric"
        type="checkbox"
      />
      <span>
        Hide all metrics with only zero values
      </span>
    </label>
    <label>
      <input
        class="sc-gsFSXq jTxPNY"
        name="hideStaticMetric"
        type="checkbox"
      />
      <span>
        Hide all static metrics
      </span>
    </label>
  </div>
  <ul
    class="sc-eqUAAy kamWmW"
  >
    <div
      class="sc-fqkvVR bMZjcz"
      tabindex="0"
    >
      finagle/build/revision
    </div>
    <div
      class="sc-fqkvVR bMZjcz"
      tabindex="0"
    >
      finagle/clientregistry/initialresolution_ms
    </div>
    <div
      class="sc-fqkvVR bMZjcz"
      tabindex="0"
    >
      finagle/clientregistry/size
    </div>
    <div
      class="sc-fqkvVR bMZjcz"
      tabindex="0"
    >
      finagle/future_pool/active_tasks
    </div>
    <div
      class="sc-fqkvVR bMZjcz"
      tabindex="0"
    >
      finagle/future_pool/completed_tasks
    </div>
    <div
      class="sc-fqkvVR bMZjcz"
      tabindex="0"
    >
      finagle/future_pool/pool_size
    </div>
    <div
      class="sc-fqkvVR bMZjcz"
      tabindex="0"
    >
      finagle/timer/deviation_ms.avg
    </div>
    <div
      class="sc-fqkvVR bMZjcz"
      tabindex="0"
    >
      http/closes
    </div>
    <div
      class="sc-fqkvVR bMZjcz"
      tabindex="0"
    >
      http/connection_duration.count
    </div>
    <div
      class="sc-fqkvVR bMZjcz"
      tabindex="0"
    >
      http/connection_received_bytes.count
    </div>
    <div
      class="sc-fqkvVR bMZjcz"
      tabindex="0"
    >
      http/connection_requests.count
    </div>
    <div
      class="sc-fqkvVR bMZjcz"
      tabindex="0"
    >
      http/connection_sent_bytes.count
    </div>
    <div
      class="sc-fqkvVR bMZjcz"
      tabindex="0"
    >
      http/connections
    </div>
    <div
      class="sc-fqkvVR bMZjcz"
      tabindex="0"
    >
      http/connects
    </div>
  </ul>
</div>
`;
