// Vitest Snapshot v1, https://vitest.dev/guide/snapshot.html

exports[`ReadoutItemIconStyle > matches snapshot 1`] = `
<DocumentFragment>
  .c0 {
  flex: 0 0 80px;
  height: 48px;
  display: flex;
  flex-direction: column;
  align-items: center;
  text-align: center;
}

<div
    class="c0"
  />
</DocumentFragment>
`;
