// Vitest Snapshot v1, https://vitest.dev/guide/snapshot.html

exports[`CancelX > matches snapshot 1`] = `
<DocumentFragment>
  .c0 {
  cursor: pointer;
  height: 24px;
  position: absolute;
  right: 16px;
  top: 16px;
  transition: all 0.3s ease;
  width: 24px;
}

.c0:hover,
.c0:focus {
  transform: scale(1.25);
  transition: all 0.1s ease;
}

.c0:active {
  transform: scale(1.1);
  transition: all 0;
}

<span
    class="c0"
  />
</DocumentFragment>
`;
