// Jest Snapshot v1, https://goo.gl/fbAQLP

exports[`Content matches snapshot 1`] = `
<DocumentFragment>
  .c0 {
  align-items: center;
  display: flex;
  flex: 1 1 100%;
  flex-direction: column;
  justify-content: center;
}

.c0 >svg {
  margin-top: -16px;
}

<div
    class="c0"
  />
</DocumentFragment>
`;
