// Jest Snapshot v1, https://goo.gl/fbAQLP

exports[`StyledModal matches snapshot 1`] = `
<Modal
  ariaHideApp={true}
  bodyOpenClassName="ReactModal__Body--open"
  className="sc-aXZVg cYAHoj"
  closeTimeoutMS={0}
  isOpen={false}
  parentSelector={[Function]}
  portalClassName="ReactModalPortal"
  shouldCloseOnEsc={true}
  shouldCloseOnOverlayClick={true}
  shouldFocusAfterRender={true}
  shouldReturnFocusAfterClose={true}
/>
`;
