// Vitest Snapshot v1, https://vitest.dev/guide/snapshot.html

exports[`AppContent > matches snapshot 1`] = `
<DocumentFragment>
  .c0 {
  background-color: rgb(255, 255, 255);
  display: flex;
  flex: 1 1;
  flex-basis: auto;
  flex-direction: column;
  outline: none;
  position: relative;
}

<div
    class="c0"
  />
</DocumentFragment>
`;
