// Jest Snapshot v1, https://goo.gl/fbAQLP

exports[`SparklineCol matches snapshot 1`] = `
<DocumentFragment>
  .c0 {
  -webkit-flex: 1 1 12%;
  -ms-flex: 1 1 12%;
  flex: 1 1 12%;
  text-align: left;
}

.c1 {
  padding-top: 4px;
  padding-bottom: 4px;
}

.c1 svg {
  height: 24px;
}

<div
    class="c0 c1"
  />
</DocumentFragment>
`;
