// Jest Snapshot v1, https://goo.gl/fbAQLP

exports[`TableColHeaderThread matches snapshot 1`] = `
<DocumentFragment>
  .c0 {
  flex: 1 1 12%;
  text-align: left;
}

.c1 {
  padding-right: 16px;
  padding-top: 7px;
  padding-bottom: 7px;
  overflow: hidden;
  text-overflow: ellipsis;
  white-space: nowrap;
}

.c1:first-child {
  padding-left: 16px;
}

.c2 {
  flex: 0 1 5em;
}

<div
    class="c0 c1 c2"
  />
</DocumentFragment>
`;
