// Jest Snapshot v1, https://goo.gl/fbAQLP

exports[`TableColVizBar matches snapshot 1`] = `
<DocumentFragment>
  .c0 {
  -webkit-flex: 1 1 12%;
  -ms-flex: 1 1 12%;
  flex: 1 1 12%;
  text-align: left;
}

.c1 {
  -webkit-flex: 1 1 20%;
  -ms-flex: 1 1 20%;
  flex: 1 1 20%;
  position: relative;
}

<div
    class="c0 c1"
  />
</DocumentFragment>
`;
