// Vitest Snapshot v1, https://vitest.dev/guide/snapshot.html

exports[`TableColThread > matches snapshot 1`] = `
<DocumentFragment>
  .c0 {
  flex: 1 1 12%;
  text-align: left;
}

.c1 {
  flex: 0 1 5em;
  justify-content: center;
  text-align: center;
}

<div
    class="c0 c1"
  />
</DocumentFragment>
`;
