// Jest Snapshot v1, https://goo.gl/fbAQLP

exports[`TableHeader matches snapshot 1`] = `
<DocumentFragment>
  .c0 {
  align-items: center;
  background-color: rgb(255, 255, 255);
  box-shadow: inset 0 -1px hsl(0, 0%, 92%);
  display: flex;
  flex-wrap: wrap;
  font-weight: 400;
  overflow: visible;
  width: 100%;
}

<div
    class="c0"
  />
</DocumentFragment>
`;
