// Jest Snapshot v1, https://goo.gl/fbAQLP

exports[`Extra matches snapshot 1`] = `
.c0 {
  background-color: rgb(51,51,51);
  border-radius: 3px;
  color: rgb(230,230,230);
  display: inline-block;
  font-size: 14px;
  padding: 2px 8px;
  position: relative;
  -webkit-transition: all 0.15s ease;
  transition: all 0.15s ease;
  z-index: 2;
}

.c0:not(:last-child) {
  margin-right: 8px;
}

.c0:hover {
  background-color: rgb(64,64,64);
  color: rgb(255,255,255);
}

.c0:active {
  background-color: rgb(0,0,0);
  color: rgb(255,255,255);
}

<a
  className="c0"
/>
`;
