// Jest Snapshot v1, https://goo.gl/fbAQLP

exports[`<GMLineChart> stateless child component matches snapshot 1`] = `
<DocumentFragment>
  .c3 {
  font-family: Rubik,-apple-system,BlinkMacSystemFont,"Segoe UI","Roboto","Oxygen","Ubuntu","Cantarell","Fira Sans","Droid Sans","Helvetica Neue",sans-serif;
  position: absolute;
  top: 0;
  right: 0;
  left: 0;
  bottom: 0;
  background-color: inherit;
}

.c3 > * {
  background-color: inherit;
}

.c3 .dygraph-legend {
  background-color: rgba(255,255,255,0.9);
  border-radius: 3px;
  color: hsl(0,0%,12.5%);
  display: inline-block;
  left: auto !important;
  min-width: 18em;
  opacity: 0;
  padding: 8px 16px 8px;
  position: absolute;
  right: 0 !important;
  text-align: right;
  -webkit-transition: all 0.2s ease, color 0.2s ease;
  transition: all 0.2s ease, color 0.2s ease;
  z-index: 10000;
}

.c3 .dygraph-legend [style*="bold"] {
  font-weight: 600 !important;
}

.c3:hover .dygraph-legend {
  color: hsl(0,0%,12.5%);
  opacity: 1;
  -webkit-transition: all 0.2s ease, color 1s ease;
  transition: all 0.2s ease, color 1s ease;
}

.c3 .dygraph-label {
  color: rgb(32,32,32);
  opacity: 0.8;
}

.c0 {
  -webkit-align-items: stretch;
  -webkit-box-align: stretch;
  -ms-flex-align: stretch;
  align-items: stretch;
  background-color: transparent;
  border: 1px solid transparent;
  display: -webkit-box;
  display: -webkit-flex;
  display: -ms-flexbox;
  display: flex;
  -webkit-flex: 1 1 100%;
  -ms-flex: 1 1 100%;
  flex: 1 1 100%;
  -webkit-flex-direction: column;
  -ms-flex-direction: column;
  flex-direction: column;
  font-family: Rubik,-apple-system,BlinkMacSystemFont,"Segoe UI","Roboto","Oxygen","Ubuntu","Cantarell","Fira Sans","Droid Sans","Helvetica Neue",sans-serif;
  height: 125px;
  width: 100%;
}

.c1 {
  font-size: 18px;
  margin: 0;
  padding: 8px 16px;
  -webkit-flex: 1 0 40px;
  -ms-flex: 1 0 40px;
  flex: 1 0 40px;
  -webkit-flex: 0 0 auto;
  -ms-flex: 0 0 auto;
  flex: 0 0 auto;
}

.c2 {
  -webkit-flex: 1 1 100%;
  -ms-flex: 1 1 100%;
  flex: 1 1 100%;
  position: relative;
  min-height: 250px;
}

.c2 > * {
  margin: 8px;
}

.c4 {
  padding: 0 8px;
}

.c5 {
  padding: 0 8px;
}

<div
    aria-label="A tabular representation of the Classes chart data: median 10181.00 average 10181.00 mode Mode has frequency of 2 and values of 10181 maximum 10181 minimum 10181 number of observations 2 complete data time series follows 10181,10181"
    class="c0"
    height="xs"
    role="presentation"
    tabindex="0"
  >
    <h3
      aria-hidden="true"
      class="c1"
    >
      Classes
    </h3>
    <div
      aria-hidden="true"
      class="c2"
    >
      <div
        class="c3"
        style="height: 320px; width: 480px;"
      >
        <div
          style="text-align: left; position: relative; width: 0px; height: 0px;"
        >
          <canvas
            height="0"
            style="position: absolute; width: 0px; height: 0px;"
            width="0"
          />
          <canvas
            height="0"
            style="position: absolute; width: 0px; height: 0px;"
            width="0"
          />
          <input
            class="dygraph-roller"
            size="2"
            style="display: none; top: -45px; left: 57px;"
            type="text"
          />
          <div
            class="dygraph-legend"
            style="left: -6px; top: 0px;"
          />
        </div>
      </div>
    </div>
    <div
      class="c4"
    >
      <div
        class="c5"
      >
        Total Loaded: 10,200
      </div>
      <div
        class="c5"
      >
        Total Unloaded: 19
      </div>
    </div>
  </div>
</DocumentFragment>
`;
