// Jest Snapshot v1, https://goo.gl/fbAQLP

exports[`<GMLineChart> stateless child component matches snapshot 1`] = `
<div
  aria-label="A tabular representation of the Classes chart data: median 10181.00 average 10181.00 mode Mode has frequency of 2 and values of 10181 maximum 10181 minimum 10181 number of observations 2 complete data time series follows 10181,10181"
  class="sc-gEvEer hxKyYP"
  height="xs"
  role="presentation"
  tabindex="0"
>
  <h3
    aria-hidden="true"
    class="sc-eqUAAy kwCUGh"
  >
    Classes
  </h3>
  <div
    aria-hidden="true"
    class="sc-fqkvVR drsoUE"
  >
    <div
      class="sc-aXZVg eeTLUw"
    />
  </div>
  <div
    class="sc-dcJsrY cTidMa"
  >
    <div
      class="sc-gsFSXq KOKKL"
    >
      Total Loaded: 10,200
    </div>
    <div
      class="sc-gsFSXq KOKKL"
    >
      Total Unloaded: 19
    </div>
  </div>
</div>
`;
