// Vitest Snapshot v1, https://vitest.dev/guide/snapshot.html

exports[`BackgroundSquareBeveled > matches snapshot 1`] = `
<DocumentFragment>
  <svg>
    <g
      class="iconBackground"
      fill="currentColor"
      fill-opacity="1"
      fill-rule="evenodd"
      id="SquareBeveled"
    >
      <polygon
        id="Rectangle"
        points="4 0 20 0 24 4 24 20 20 24 4 24 0 20 0 4"
      />
    </g>
  </svg>
</DocumentFragment>
`;
