// Vitest Snapshot v1, https://vitest.dev/guide/snapshot.html

exports[`BackgroundTriangle > matches snapshot 1`] = `
<DocumentFragment>
  <svg>
    <g
      class="iconBackground"
      fill="transparent"
      fill-opacity="1"
      fill-rule="evenodd"
      id="Square"
    >
      <polygon
        id="Triangle-6"
        points="12 1 24 20 0 20"
      />
    </g>
  </svg>
</DocumentFragment>
`;
