// Vitest Snapshot v1, https://vitest.dev/guide/snapshot.html

exports[`BackgroundSquare > matches snapshot 1`] = `
<DocumentFragment>
  <svg>
    <g
      class="iconBackground"
      fill="currentColor"
      fill-opacity="1"
      fill-rule="evenodd"
      id="Square"
    >
      <polygon
        id="Rect"
        points="24 0, 24 24, 0 24, 0 0"
      />
    </g>
  </svg>
</DocumentFragment>
`;
