// Jest Snapshot v1, https://goo.gl/fbAQLP

exports[`BackgroundSquareRounded matches snapshot 1`] = `
<DocumentFragment>
  <svg>
    <g
      class="iconBackground"
      fill="currentColor"
      fill-opacity="1"
      fill-rule="evenodd"
      id="SquareRounded"
    >
      <rect
        height="24"
        id="Rectangle"
        rx="4"
        width="24"
        x="0"
        y="0"
      />
    </g>
  </svg>
</DocumentFragment>
`;
