// Jest Snapshot v1, https://goo.gl/fbAQLP

exports[`LanguageSelector matches snapshot 1`] = `
<div
  class="sc-aXZVg hJRgvn"
>
  <span>
    Languages
  </span>
  <ul
    class="sc-gEvEer dKLOqV"
  >
    <li
      class="sc-eqUAAy jFJdJI"
    >
      English (en)
    </li>
    <li
      class="sc-eqUAAy jFJdJI"
    >
      Español (es)
    </li>
    <li
      class="sc-eqUAAy jFJdJI"
    >
      Deutsch (de)
    </li>
  </ul>
</div>
`;
