// Jest Snapshot v1, https://goo.gl/fbAQLP

exports[`Go Instance Functions View: <FunctionsGrid/> Matches snapshot 1`] = `
[
  <div
    class="sc-kOPcWz jnKXzD"
  >
    <div
      class="sc-cWSHoV evaeyq"
    >
      <form>
        <input
          aria-label="Search Functions"
          class="sc-koXPp iTWkcy"
          placeholder="Search Functions"
          type="search"
          value=""
        />
      </form>
    </div>
    <div
      class="sc-dCFHLb hrYBdC"
    />
    <div
      class="sc-eBMEME cuuClm"
    >
      <div
        class="Select sc-kOHTFB bgssjn has-value is-searchable Select--single"
      >
        <input
          name="form-field-sort-by"
          type="hidden"
          value="func"
        />
        <div
          class="Select-control"
        >
          <span
            class="Select-multi-value-wrapper"
            id="react-select-2--value"
          >
            <div
              class="Select-value"
            >
              <span
                aria-selected="true"
                class="Select-value-label"
                id="react-select-2--value-item"
                role="option"
              >
                <span>
                  <span>
                    Sort 
                  </span>
                  <span
                    class="sc-dtInlm Wppst"
                  >
                    Function
                  </span>
                </span>
              </span>
            </div>
            <div
              class="Select-input"
              style="display:inline-block"
            >
              <input
                aria-activedescendant="react-select-2--value"
                aria-expanded="false"
                aria-haspopup="false"
                aria-owns=""
                role="combobox"
                style="box-sizing:content-box;width:5px"
                value=""
              />
              <div
                style="position:absolute;top:0;left:0;visibility:hidden;height:0;overflow:scroll;white-space:pre"
              />
            </div>
          </span>
          <span
            class="Select-arrow-zone"
          >
            <span
              class="Select-arrow"
            />
          </span>
        </div>
      </div>
    </div>
  </div>,
  <div
    class="sc-feUZmu gfVOQS"
  >
    <div
      class="sc-fUnMCh lgOKxe"
    >
      <div
        class="sc-kpDqfm sc-fHjqPf ixXcqK fOvYjE"
        style="flex:1 1 20%"
      >
        <span>
          Function
        </span>
      </div>
      <div
        class="sc-kpDqfm sc-fHjqPf ixXcqK fOvYjE"
      >
        <span>
          Requests/sec
        </span>
      </div>
      <div
        class="sc-kpDqfm sc-fHjqPf ixXcqK fOvYjE"
        style="text-align:right"
      >
        <span>
          Requests
        </span>
      </div>
      <div
        class="sc-kpDqfm sc-fHjqPf ixXcqK fOvYjE"
        style="text-align:right"
      >
        <span>
          Error %
        </span>
      </div>
      <div
        class="sc-kpDqfm sc-fHjqPf sc-hmdomO ixXcqK fOvYjE dlRRQT"
      >
        <div
          class="sc-eeDRCY dEcekA"
        >
          <div
            class="sc-ikkxIA iImvWp"
          >
            <span>
              Latency
            </span>
            <div
              class="sc-gFqAkR llNZjD"
            >
              Latency 50% refers to the average latency of the 50% percentile, while Latency 99% is the average latency for the slowest 1% of responses, also known as tail latency.
            </div>
          </div>
        </div>
        <div
          class="sc-bXCLTC gFGDMi"
        >
          <div
            class="sc-jsJBEP fzYxAK"
          >
            50%
          </div>
          <div
            class="sc-jsJBEP fzYxAK"
          >
            99%
          </div>
        </div>
      </div>
    </div>
    <ol
      class="sc-hzhJZQ cFnspL"
    >
      <li
        class="sc-dhKdcB bPElmX"
        role="link"
        tabindex="0"
      >
        <div
          class="sc-kpDqfm sc-dAlyuH ixXcqK bpINrq"
        >
          <div
            class="sc-eDPEul jrJIiH"
          >
            <div>
              CatalogStream
            </div>
          </div>
          <div
            class="sc-jEACwC fzhdSd"
          >
            <div
              class="sc-cPiKLX gqjILv"
              width="100"
            />
          </div>
        </div>
        <div
          class="sc-kpDqfm sc-jlZhew ixXcqK iqtvPX"
        >
          <svg
            preserveAspectRatio="xMaxYMin"
            viewBox="0 0 240 32"
          >
            <g>
              <circle
                cx="2"
                cy="16"
                r="2"
                style="stroke:currentColor;stroke-width:0;fill-opacity:.1;fill:none;pointer-events:auto"
              />
              <circle
                cx="61"
                cy="16"
                r="2"
                style="stroke:currentColor;stroke-width:0;fill-opacity:.1;fill:none;pointer-events:auto"
              />
              <circle
                cx="120"
                cy="16"
                r="2"
                style="stroke:currentColor;stroke-width:0;fill-opacity:.1;fill:none;pointer-events:auto"
              />
              <circle
                cx="179"
                cy="16"
                r="2"
                style="stroke:currentColor;stroke-width:0;fill-opacity:.1;fill:none;pointer-events:auto"
              />
              <circle
                cx="238"
                cy="16"
                r="2"
                style="stroke:currentColor;stroke-width:0;fill-opacity:.1;fill:none;pointer-events:auto"
              />
              <polyline
                points="2 16 61 16 120 16 179 16 238 16 238 30 2 30 2 16"
                style="stroke:currentColor;stroke-width:0;fill-opacity:.1;fill:none;pointer-events:auto"
              />
              <polyline
                points="2 16 61 16 120 16 179 16 238 16"
                style="stroke:currentColor;stroke-width:1;stroke-linejoin:round;stroke-linecap:round;fill:none"
              />
            </g>
            <line
              style="stroke:grey;opacity:0.4"
              x1="2"
              x2="238"
              y1="18"
              y2="18"
            />
          </svg>
        </div>
        <div
          class="sc-kpDqfm ixXcqK"
          style="text-align:right"
        >
          13
        </div>
        <div
          class="sc-kpDqfm humqID"
          style="text-align:right"
        >
          0%
        </div>
        <div
          class="sc-kpDqfm ixXcqK"
          style="text-align:right;display:flex;flex-direction:column"
        >
          <div>
            1,956 ms
          </div>
          <div>
            3,484 ms
          </div>
        </div>
      </li>
      <li
        class="sc-dhKdcB bPElmX"
        role="link"
        tabindex="0"
      >
        <div
          class="sc-kpDqfm sc-dAlyuH ixXcqK bpINrq"
        >
          <div
            class="sc-eDPEul jrJIiH"
          >
            <div>
              OrderItem
            </div>
          </div>
          <div
            class="sc-jEACwC fzhdSd"
          >
            <div
              class="sc-cPiKLX gqjILv"
              width="100"
            />
          </div>
        </div>
        <div
          class="sc-kpDqfm sc-jlZhew ixXcqK iqtvPX"
        >
          <svg
            preserveAspectRatio="xMaxYMin"
            viewBox="0 0 240 32"
          >
            <g>
              <circle
                cx="2"
                cy="16"
                r="2"
                style="stroke:currentColor;stroke-width:0;fill-opacity:.1;fill:none;pointer-events:auto"
              />
              <circle
                cx="80.66666666666667"
                cy="16"
                r="2"
                style="stroke:currentColor;stroke-width:0;fill-opacity:.1;fill:none;pointer-events:auto"
              />
              <circle
                cx="159.33333333333334"
                cy="16"
                r="2"
                style="stroke:currentColor;stroke-width:0;fill-opacity:.1;fill:none;pointer-events:auto"
              />
              <circle
                cx="238"
                cy="16"
                r="2"
                style="stroke:currentColor;stroke-width:0;fill-opacity:.1;fill:none;pointer-events:auto"
              />
              <polyline
                points="2 16 80.66666666666667 16 159.33333333333334 16 238 16 238 30 2 30 2 16"
                style="stroke:currentColor;stroke-width:0;fill-opacity:.1;fill:none;pointer-events:auto"
              />
              <polyline
                points="2 16 80.66666666666667 16 159.33333333333334 16 238 16"
                style="stroke:currentColor;stroke-width:1;stroke-linejoin:round;stroke-linecap:round;fill:none"
              />
            </g>
            <line
              style="stroke:grey;opacity:0.4"
              x1="2"
              x2="238"
              y1="18"
              y2="18"
            />
          </svg>
        </div>
        <div
          class="sc-kpDqfm ixXcqK"
          style="text-align:right"
        >
          13
        </div>
        <div
          class="sc-kpDqfm humqID"
          style="text-align:right"
        >
          0%
        </div>
        <div
          class="sc-kpDqfm ixXcqK"
          style="text-align:right;display:flex;flex-direction:column"
        >
          <div>
            2,339 ms
          </div>
          <div>
            3,565 ms
          </div>
        </div>
      </li>
    </ol>
  </div>,
]
`;
