// Jest Snapshot v1, https://goo.gl/fbAQLP

exports[`RoutesGrid View matches snapshot 1`] = `
[
  <div
    class="sc-kOPcWz jnKXzD"
  >
    <div
      class="sc-cWSHoV evaeyq"
    >
      <form>
        <input
          aria-label="Search Routes"
          class="sc-koXPp iTWkcy"
          placeholder="Search Routes"
          type="search"
          value=""
        />
      </form>
    </div>
    <div
      class="sc-dCFHLb hrYBdC"
    />
    <div
      class="sc-eBMEME cuuClm"
    >
      <div
        class="Select sc-kOHTFB bgssjn has-value is-searchable Select--single"
      >
        <input
          name="form-field-sort-by"
          type="hidden"
          value="route"
        />
        <div
          class="Select-control"
        >
          <span
            class="Select-multi-value-wrapper"
            id="react-select-3--value"
          >
            <div
              class="Select-value"
            >
              <span
                aria-selected="true"
                class="Select-value-label"
                id="react-select-3--value-item"
                role="option"
              >
                <span>
                  <span>
                    Sort 
                  </span>
                  <span
                    class="sc-dtInlm Wppst"
                  >
                    Route
                  </span>
                </span>
              </span>
            </div>
            <div
              class="Select-input"
              style="display:inline-block"
            >
              <input
                aria-activedescendant="react-select-3--value"
                aria-expanded="false"
                aria-haspopup="false"
                aria-owns=""
                role="combobox"
                style="box-sizing:content-box;width:5px"
                value=""
              />
              <div
                style="position:absolute;top:0;left:0;visibility:hidden;height:0;overflow:scroll;white-space:pre"
              />
            </div>
          </span>
          <span
            class="Select-arrow-zone"
          >
            <span
              class="Select-arrow"
            />
          </span>
        </div>
      </div>
    </div>
  </div>,
  <div
    class="sc-feUZmu gfVOQS"
  >
    <div
      class="sc-fUnMCh lgOKxe"
    >
      <div
        class="sc-kpDqfm sc-fHjqPf ixXcqK fOvYjE"
        style="flex:1 1 20%"
      >
        <span>
          Route
        </span>
      </div>
      <div
        class="sc-kpDqfm sc-fHjqPf ixXcqK fOvYjE"
      >
        <span>
          Requests/sec
        </span>
      </div>
      <div
        class="sc-kpDqfm sc-fHjqPf ixXcqK fOvYjE"
        style="text-align:right"
      >
        <span>
          Requests
        </span>
      </div>
      <div
        class="sc-kpDqfm sc-fHjqPf ixXcqK fOvYjE"
        style="text-align:right"
      >
        <span>
          Error %
        </span>
      </div>
      <div
        class="sc-kpDqfm sc-fHjqPf sc-hmdomO ixXcqK fOvYjE dlRRQT"
      >
        <div
          class="sc-eeDRCY dEcekA"
        >
          <div
            class="sc-ikkxIA iImvWp"
          >
            <span>
              Latency
            </span>
            <div
              class="sc-gFqAkR llNZjD"
            >
              Latency 50% refers to the average latency of the 50% percentile, while Latency 99% is the average latency for the slowest 1% of responses, also known as tail latency.
            </div>
          </div>
        </div>
        <div
          class="sc-bXCLTC gFGDMi"
        >
          <div
            class="sc-jsJBEP fzYxAK"
          >
            50%
          </div>
          <div
            class="sc-jsJBEP fzYxAK"
          >
            99%
          </div>
        </div>
      </div>
    </div>
    <ol
      class="sc-hzhJZQ cFnspL"
    >
      <li
        class="sc-dhKdcB bPElmX"
        role="link"
        tabindex="0"
      >
        <div
          class="sc-kpDqfm sc-dAlyuH ixXcqK bpINrq"
        >
          <div
            class="sc-eDPEul jrJIiH"
          >
            <span
              class="sc-dLMFU bDAHtJ"
            >
              <svg
                aria-labelledby="ariaLabelledby"
                class="sc-jXbUNg jYmNDx"
                focusable="false"
                version="1.1"
                viewBox="0 0 24 24"
                xlink="http://www.w3.org/1999/xlink"
                xmlns="http://www.w3.org/2000/svg"
              >
                <g
                  class="sc-imWYAI hmajLw"
                  fill="currentColor"
                  title=""
                >
                  <title />
                  <g
                    class="glyph"
                    fill="currentColor"
                    transform="translate(0 0) scale(1)"
                  >
                    <path
                      d="M11.5,13.940832 C9.01471863,13.940832 7,11.9261134 7,9.44083202 C7,6.95555065 9.01471863,4.94083202 11.5,4.94083202 C13.9852814,4.94083202 16,6.95555065 16,9.44083202 C16,11.9261134 13.9852814,13.940832 11.5,13.940832 Z M11.5521421,10.940832 C12.3805692,10.940832 13.0521421,10.2692591 13.0521421,9.44083202 C13.0521421,8.6124049 12.3805692,7.94083202 11.5521421,7.94083202 C10.723715,7.94083202 10.0521421,8.6124049 10.0521421,9.44083202 C10.0521421,10.2692591 10.723715,10.940832 11.5521421,10.940832 Z M8.38682576,13.9480614 C9.26316923,14.5385122 10.3188503,14.8831582 11.4550278,14.8831582 C12.5958345,14.8831582 13.6554876,14.535698 14.5339326,13.940832 L15.0304823,14.3285452 L11.4650086,17.0026504 L7.89953494,14.3285452 L8.38682576,13.9480614 Z"
                      id="get"
                    />
                  </g>
                </g>
              </svg>
              GET
            </span>
            <div>
              /functionalroles
            </div>
          </div>
          <div
            class="sc-jEACwC fzhdSd"
          >
            <div
              class="sc-cPiKLX gqjILv"
              width="100"
            />
          </div>
        </div>
        <div
          class="sc-kpDqfm sc-jlZhew ixXcqK iqtvPX"
        >
          <svg
            preserveAspectRatio="xMaxYMin"
            viewBox="0 0 240 32"
          >
            <g>
              <circle
                cx="2"
                cy="16"
                r="2"
                style="stroke:currentColor;stroke-width:0;fill-opacity:.1;fill:none;pointer-events:auto"
              />
              <circle
                cx="35.714285714285715"
                cy="16"
                r="2"
                style="stroke:currentColor;stroke-width:0;fill-opacity:.1;fill:none;pointer-events:auto"
              />
              <circle
                cx="69.42857142857143"
                cy="16"
                r="2"
                style="stroke:currentColor;stroke-width:0;fill-opacity:.1;fill:none;pointer-events:auto"
              />
              <circle
                cx="103.14285714285714"
                cy="16"
                r="2"
                style="stroke:currentColor;stroke-width:0;fill-opacity:.1;fill:none;pointer-events:auto"
              />
              <circle
                cx="136.85714285714286"
                cy="16"
                r="2"
                style="stroke:currentColor;stroke-width:0;fill-opacity:.1;fill:none;pointer-events:auto"
              />
              <circle
                cx="170.57142857142858"
                cy="16"
                r="2"
                style="stroke:currentColor;stroke-width:0;fill-opacity:.1;fill:none;pointer-events:auto"
              />
              <circle
                cx="204.28571428571428"
                cy="16"
                r="2"
                style="stroke:currentColor;stroke-width:0;fill-opacity:.1;fill:none;pointer-events:auto"
              />
              <circle
                cx="238"
                cy="16"
                r="2"
                style="stroke:currentColor;stroke-width:0;fill-opacity:.1;fill:none;pointer-events:auto"
              />
              <polyline
                points="2 16 35.714285714285715 16 69.42857142857143 16 103.14285714285714 16 136.85714285714286 16 170.57142857142858 16 204.28571428571428 16 238 16 238 30 2 30 2 16"
                style="stroke:currentColor;stroke-width:0;fill-opacity:.1;fill:none;pointer-events:auto"
              />
              <polyline
                points="2 16 35.714285714285715 16 69.42857142857143 16 103.14285714285714 16 136.85714285714286 16 170.57142857142858 16 204.28571428571428 16 238 16"
                style="stroke:currentColor;stroke-width:1;stroke-linejoin:round;stroke-linecap:round;fill:none"
              />
            </g>
            <line
              style="stroke:grey;opacity:0.4"
              x1="2"
              x2="238"
              y1="18"
              y2="18"
            />
          </svg>
        </div>
        <div
          class="sc-kpDqfm ixXcqK"
          style="text-align:right"
        >
          17,725
        </div>
        <div
          class="sc-kpDqfm humqID"
          style="text-align:right"
        >
          0%
        </div>
        <div
          class="sc-kpDqfm ixXcqK"
          style="text-align:right;display:flex;flex-direction:column"
        >
          <div>
            0 ms
          </div>
          <div>
            9 ms
          </div>
        </div>
      </li>
      <li
        class="sc-dhKdcB bPElmX"
        role="link"
        tabindex="0"
      >
        <div
          class="sc-kpDqfm sc-dAlyuH ixXcqK bpINrq"
        >
          <div
            class="sc-eDPEul jrJIiH"
          >
            <span
              class="sc-dLMFU bDAHtJ"
            >
              <svg
                aria-labelledby="ariaLabelledby"
                class="sc-jXbUNg jYmNDx"
                focusable="false"
                version="1.1"
                viewBox="0 0 24 24"
                xlink="http://www.w3.org/1999/xlink"
                xmlns="http://www.w3.org/2000/svg"
              >
                <g
                  class="sc-imWYAI hmajLw"
                  fill="currentColor"
                  title=""
                >
                  <title />
                  <g
                    class="glyph"
                    fill="currentColor"
                    transform="translate(0 0) scale(1)"
                  >
                    <path
                      d="M11.5,13.940832 C9.01471863,13.940832 7,11.9261134 7,9.44083202 C7,6.95555065 9.01471863,4.94083202 11.5,4.94083202 C13.9852814,4.94083202 16,6.95555065 16,9.44083202 C16,11.9261134 13.9852814,13.940832 11.5,13.940832 Z M11.5521421,10.940832 C12.3805692,10.940832 13.0521421,10.2692591 13.0521421,9.44083202 C13.0521421,8.6124049 12.3805692,7.94083202 11.5521421,7.94083202 C10.723715,7.94083202 10.0521421,8.6124049 10.0521421,9.44083202 C10.0521421,10.2692591 10.723715,10.940832 11.5521421,10.940832 Z M8.38682576,13.9480614 C9.26316923,14.5385122 10.3188503,14.8831582 11.4550278,14.8831582 C12.5958345,14.8831582 13.6554876,14.535698 14.5339326,13.940832 L15.0304823,14.3285452 L11.4650086,17.0026504 L7.89953494,14.3285452 L8.38682576,13.9480614 Z"
                      id="get"
                    />
                  </g>
                </g>
              </svg>
              GET
            </span>
            <div>
              /ping
            </div>
          </div>
          <div
            class="sc-jEACwC fzhdSd"
          >
            <div
              class="sc-cPiKLX goDcSe"
              width="0.005641748942172073"
            />
          </div>
        </div>
        <div
          class="sc-kpDqfm sc-jlZhew ixXcqK iqtvPX"
        >
          <svg
            preserveAspectRatio="xMaxYMin"
            viewBox="0 0 240 32"
          >
            <g>
              <circle
                cx="2"
                cy="16"
                r="2"
                style="stroke:currentColor;stroke-width:0;fill-opacity:.1;fill:none;pointer-events:auto"
              />
              <circle
                cx="35.714285714285715"
                cy="16"
                r="2"
                style="stroke:currentColor;stroke-width:0;fill-opacity:.1;fill:none;pointer-events:auto"
              />
              <circle
                cx="69.42857142857143"
                cy="16"
                r="2"
                style="stroke:currentColor;stroke-width:0;fill-opacity:.1;fill:none;pointer-events:auto"
              />
              <circle
                cx="103.14285714285714"
                cy="16"
                r="2"
                style="stroke:currentColor;stroke-width:0;fill-opacity:.1;fill:none;pointer-events:auto"
              />
              <circle
                cx="136.85714285714286"
                cy="16"
                r="2"
                style="stroke:currentColor;stroke-width:0;fill-opacity:.1;fill:none;pointer-events:auto"
              />
              <circle
                cx="170.57142857142858"
                cy="16"
                r="2"
                style="stroke:currentColor;stroke-width:0;fill-opacity:.1;fill:none;pointer-events:auto"
              />
              <circle
                cx="204.28571428571428"
                cy="16"
                r="2"
                style="stroke:currentColor;stroke-width:0;fill-opacity:.1;fill:none;pointer-events:auto"
              />
              <circle
                cx="238"
                cy="16"
                r="2"
                style="stroke:currentColor;stroke-width:0;fill-opacity:.1;fill:none;pointer-events:auto"
              />
              <polyline
                points="2 16 35.714285714285715 16 69.42857142857143 16 103.14285714285714 16 136.85714285714286 16 170.57142857142858 16 204.28571428571428 16 238 16 238 30 2 30 2 16"
                style="stroke:currentColor;stroke-width:0;fill-opacity:.1;fill:none;pointer-events:auto"
              />
              <polyline
                points="2 16 35.714285714285715 16 69.42857142857143 16 103.14285714285714 16 136.85714285714286 16 170.57142857142858 16 204.28571428571428 16 238 16"
                style="stroke:currentColor;stroke-width:1;stroke-linejoin:round;stroke-linecap:round;fill:none"
              />
            </g>
            <line
              style="stroke:grey;opacity:0.4"
              x1="2"
              x2="238"
              y1="18"
              y2="18"
            />
          </svg>
        </div>
        <div
          class="sc-kpDqfm ixXcqK"
          style="text-align:right"
        >
          1
        </div>
        <div
          class="sc-kpDqfm humqID"
          style="text-align:right"
        >
          0%
        </div>
        <div
          class="sc-kpDqfm ixXcqK"
          style="text-align:right;display:flex;flex-direction:column"
        >
          <div>
            0 ms
          </div>
          <div>
            0 ms
          </div>
        </div>
      </li>
    </ol>
  </div>,
]
`;
