// Vitest Snapshot v1, https://vitest.dev/guide/snapshot.html

exports[`DataSparkline > matches snapshot 1`] = `
<DocumentFragment>
  .c0 {
  opacity: 0.7;
  text-align: left;
  display: inline-block;
  width: 6em;
  padding-left: 8px;
  height: 24px;
}

<div
    class="c0"
  />
</DocumentFragment>
`;
