// Jest Snapshot v1, https://goo.gl/fbAQLP

exports[`<GMBasicMetrics> stateless child component of GMGrid matches snapshot 1`] = `
<.sc-aXZVg>
  <.sc-gEvEer>
    Response Status Codes
  </.sc-gEvEer>
  <.sc-eqUAAy
    key="2XX-3468388"
    priority="primary"
  >
    <.sc-fqkvVR>
      2XX
    </.sc-fqkvVR>
    <.sc-dcJsrY>
      3,468,388
      <.sc-iGgWBj>
        <Sparklines
          data={
            [
              3468388,
              3468388,
              3468388,
              3468388,
              3468388,
              3468388,
              3468388,
            ]
          }
          height={32}
          margin={2}
          preserveAspectRatio="xMaxYMin"
          width={240}
        >
          <SparklinesLine
            onMouseMove={[Function]}
            style={
              {
                "fill": "none",
                "stroke": "currentColor",
                "strokeWidth": 1,
              }
            }
          />
          <SparklinesReferenceLine
            style={
              {
                "opacity": "0.4",
                "stroke": "grey",
              }
            }
            type="mean"
          />
        </Sparklines>
      </.sc-iGgWBj>
    </.sc-dcJsrY>
  </.sc-eqUAAy>
  <.sc-eqUAAy
    key="200-3468388"
    priority="primary"
  >
    <.sc-fqkvVR>
      200
    </.sc-fqkvVR>
    <.sc-dcJsrY>
      3,468,388
      <.sc-iGgWBj>
        <Sparklines
          data={
            [
              3468388,
              3468388,
              3468388,
              3468388,
              3468388,
              3468388,
              3468388,
            ]
          }
          height={32}
          margin={2}
          preserveAspectRatio="xMaxYMin"
          width={240}
        >
          <SparklinesLine
            onMouseMove={[Function]}
            style={
              {
                "fill": "none",
                "stroke": "currentColor",
                "strokeWidth": 1,
              }
            }
          />
          <SparklinesReferenceLine
            style={
              {
                "opacity": "0.4",
                "stroke": "grey",
              }
            }
            type="mean"
          />
        </Sparklines>
      </.sc-iGgWBj>
    </.sc-dcJsrY>
  </.sc-eqUAAy>
  <.sc-eqUAAy
    key="4XX-12"
    priority="normal"
  >
    <.sc-fqkvVR>
      4XX
    </.sc-fqkvVR>
    <.sc-dcJsrY>
      12
      <.sc-iGgWBj>
        <Sparklines
          data={
            [
              12,
              12,
              12,
              12,
              12,
              12,
              12,
            ]
          }
          height={32}
          margin={2}
          preserveAspectRatio="xMaxYMin"
          width={240}
        >
          <SparklinesLine
            onMouseMove={[Function]}
            style={
              {
                "fill": "none",
                "stroke": "currentColor",
                "strokeWidth": 1,
              }
            }
          />
          <SparklinesReferenceLine
            style={
              {
                "opacity": "0.4",
                "stroke": "grey",
              }
            }
            type="mean"
          />
        </Sparklines>
      </.sc-iGgWBj>
    </.sc-dcJsrY>
  </.sc-eqUAAy>
  <.sc-eqUAAy
    key="400-8"
    priority="normal"
  >
    <.sc-fqkvVR>
      400
    </.sc-fqkvVR>
    <.sc-dcJsrY>
      8
      <.sc-iGgWBj>
        <Sparklines
          data={
            [
              8,
              8,
              8,
              8,
              8,
              8,
              8,
            ]
          }
          height={32}
          margin={2}
          preserveAspectRatio="xMaxYMin"
          width={240}
        >
          <SparklinesLine
            onMouseMove={[Function]}
            style={
              {
                "fill": "none",
                "stroke": "currentColor",
                "strokeWidth": 1,
              }
            }
          />
          <SparklinesReferenceLine
            style={
              {
                "opacity": "0.4",
                "stroke": "grey",
              }
            }
            type="mean"
          />
        </Sparklines>
      </.sc-iGgWBj>
    </.sc-dcJsrY>
  </.sc-eqUAAy>
  <.sc-eqUAAy
    key="499-4"
    priority="normal"
  >
    <.sc-fqkvVR>
      499
    </.sc-fqkvVR>
    <.sc-dcJsrY>
      4
      <.sc-iGgWBj>
        <Sparklines
          data={
            [
              4,
              4,
              4,
              4,
              4,
              4,
              4,
              4,
            ]
          }
          height={32}
          margin={2}
          preserveAspectRatio="xMaxYMin"
          width={240}
        >
          <SparklinesLine
            onMouseMove={[Function]}
            style={
              {
                "fill": "none",
                "stroke": "currentColor",
                "strokeWidth": 1,
              }
            }
          />
          <SparklinesReferenceLine
            style={
              {
                "opacity": "0.4",
                "stroke": "grey",
              }
            }
            type="mean"
          />
        </Sparklines>
      </.sc-iGgWBj>
    </.sc-dcJsrY>
  </.sc-eqUAAy>
  <.sc-eqUAAy
    key="5XX-16"
    priority="normal"
  >
    <.sc-fqkvVR>
      5XX
    </.sc-fqkvVR>
    <.sc-dcJsrY>
      16
      <.sc-iGgWBj>
        <Sparklines
          data={
            [
              16,
              16,
              16,
              16,
              16,
              16,
              16,
            ]
          }
          height={32}
          margin={2}
          preserveAspectRatio="xMaxYMin"
          width={240}
        >
          <SparklinesLine
            onMouseMove={[Function]}
            style={
              {
                "fill": "none",
                "stroke": "currentColor",
                "strokeWidth": 1,
              }
            }
          />
          <SparklinesReferenceLine
            style={
              {
                "opacity": "0.4",
                "stroke": "grey",
              }
            }
            type="mean"
          />
        </Sparklines>
      </.sc-iGgWBj>
    </.sc-dcJsrY>
  </.sc-eqUAAy>
  <.sc-eqUAAy
    key="500-16"
    priority="normal"
  >
    <.sc-fqkvVR>
      500
    </.sc-fqkvVR>
    <.sc-dcJsrY>
      16
      <.sc-iGgWBj>
        <Sparklines
          data={
            [
              16,
              16,
              16,
              16,
              16,
              16,
              16,
            ]
          }
          height={32}
          margin={2}
          preserveAspectRatio="xMaxYMin"
          width={240}
        >
          <SparklinesLine
            onMouseMove={[Function]}
            style={
              {
                "fill": "none",
                "stroke": "currentColor",
                "strokeWidth": 1,
              }
            }
          />
          <SparklinesReferenceLine
            style={
              {
                "opacity": "0.4",
                "stroke": "grey",
              }
            }
            type="mean"
          />
        </Sparklines>
      </.sc-iGgWBj>
    </.sc-dcJsrY>
  </.sc-eqUAAy>
</.sc-aXZVg>
`;
