// Vitest Snapshot v1, https://vitest.dev/guide/snapshot.html

exports[`<GMBasicMetrics> stateless child component of GMGrid > matches snapshot 1`] = `
<DocumentFragment>
  .c0 {
  background-color: rgb(245, 245, 245);
  border-radius: 3px;
  font-family: Rubik,-apple-system,BlinkMacSystemFont,"Segoe UI","Roboto","Oxygen","Ubuntu","Cantarell","Fira Sans","Droid Sans","Helvetica Neue",sans-serif;
  font-size: 18px;
  height: 100%;
  padding: 8px;
  padding-top: 48px;
}

.c3 {
  flex: 1 1 33%;
  opacity: 0.65;
  text-align: right;
}

.c2 {
  display: flex;
  flex-direction: row;
  padding-right: 15%;
  padding-top: 2px;
  padding-bottom: 2px;
  position: relative;
  overflow: hidden;
}

.c2:after {
  content: "";
  position: absolute;
  bottom: 0;
  left: 4em;
  right: 4em;
  border-top: 1px solid hsl(0, 0%, 92%);
  border-left: 8em solid transparent;
  border-right: 8em solid transparent;
}

.c6 {
  display: flex;
  flex-direction: row;
  font-size: 0.8em;
  padding-right: 15%;
  padding-top: 2px;
  padding-bottom: 2px;
  position: relative;
}

.c5 {
  opacity: 0.7;
  text-align: left;
  display: inline-block;
  width: 6em;
  padding-left: 8px;
  height: 24px;
}

.c1 {
  text-align: center;
  margin: 0;
  font-family: Rubik,-apple-system,BlinkMacSystemFont,"Segoe UI","Roboto","Oxygen","Ubuntu","Cantarell","Fira Sans","Droid Sans","Helvetica Neue",sans-serif;
}

.c4 {
  flex: 1 1 33%;
  opacity: 0.65;
  padding-left: 8px;
}

<div
    class="c0"
  >
    <h3
      class="c1"
    >
      Response Status Codes
    </h3>
    <div
      class="c2"
    >
      <div
        class="c3"
      >
        2XX
      </div>
      <div
        class="c4"
      >
        3,468,388
        <div
          class="c5"
        >
          <svg
            aria-hidden="true"
            focusable="false"
            preserveAspectRatio="xMaxYMin"
            viewBox="0 0 240 32"
          >
            <g>
              <circle
                cx="2"
                cy="16"
                r="2"
                style="stroke: currentcolor; stroke-width: 0; fill-opacity: 0.1; fill: none; pointer-events: auto;"
              />
              <circle
                cx="41.333333333333336"
                cy="16"
                r="2"
                style="stroke: currentcolor; stroke-width: 0; fill-opacity: 0.1; fill: none; pointer-events: auto;"
              />
              <circle
                cx="80.66666666666667"
                cy="16"
                r="2"
                style="stroke: currentcolor; stroke-width: 0; fill-opacity: 0.1; fill: none; pointer-events: auto;"
              />
              <circle
                cx="120"
                cy="16"
                r="2"
                style="stroke: currentcolor; stroke-width: 0; fill-opacity: 0.1; fill: none; pointer-events: auto;"
              />
              <circle
                cx="159.33333333333334"
                cy="16"
                r="2"
                style="stroke: currentcolor; stroke-width: 0; fill-opacity: 0.1; fill: none; pointer-events: auto;"
              />
              <circle
                cx="198.66666666666669"
                cy="16"
                r="2"
                style="stroke: currentcolor; stroke-width: 0; fill-opacity: 0.1; fill: none; pointer-events: auto;"
              />
              <circle
                cx="238"
                cy="16"
                r="2"
                style="stroke: currentcolor; stroke-width: 0; fill-opacity: 0.1; fill: none; pointer-events: auto;"
              />
              <polyline
                points="2 16 41.333333333333336 16 80.66666666666667 16 120 16 159.33333333333334 16 198.66666666666669 16 238 16 238 30 2 30 2 16"
                style="stroke: currentcolor; stroke-width: 0; fill-opacity: 0.1; fill: none; pointer-events: auto;"
              />
              <polyline
                points="2 16 41.333333333333336 16 80.66666666666667 16 120 16 159.33333333333334 16 198.66666666666669 16 238 16"
                style="stroke: currentcolor; stroke-width: 1; stroke-linejoin: round; stroke-linecap: round; fill: none;"
              />
            </g>
            <line
              style="stroke: grey; opacity: 0.4;"
              x1="2"
              x2="238"
              y1="18"
              y2="18"
            />
          </svg>
        </div>
      </div>
    </div>
    <div
      class="c2"
    >
      <div
        class="c3"
      >
        200
      </div>
      <div
        class="c4"
      >
        3,468,388
        <div
          class="c5"
        >
          <svg
            aria-hidden="true"
            focusable="false"
            preserveAspectRatio="xMaxYMin"
            viewBox="0 0 240 32"
          >
            <g>
              <circle
                cx="2"
                cy="16"
                r="2"
                style="stroke: currentcolor; stroke-width: 0; fill-opacity: 0.1; fill: none; pointer-events: auto;"
              />
              <circle
                cx="41.333333333333336"
                cy="16"
                r="2"
                style="stroke: currentcolor; stroke-width: 0; fill-opacity: 0.1; fill: none; pointer-events: auto;"
              />
              <circle
                cx="80.66666666666667"
                cy="16"
                r="2"
                style="stroke: currentcolor; stroke-width: 0; fill-opacity: 0.1; fill: none; pointer-events: auto;"
              />
              <circle
                cx="120"
                cy="16"
                r="2"
                style="stroke: currentcolor; stroke-width: 0; fill-opacity: 0.1; fill: none; pointer-events: auto;"
              />
              <circle
                cx="159.33333333333334"
                cy="16"
                r="2"
                style="stroke: currentcolor; stroke-width: 0; fill-opacity: 0.1; fill: none; pointer-events: auto;"
              />
              <circle
                cx="198.66666666666669"
                cy="16"
                r="2"
                style="stroke: currentcolor; stroke-width: 0; fill-opacity: 0.1; fill: none; pointer-events: auto;"
              />
              <circle
                cx="238"
                cy="16"
                r="2"
                style="stroke: currentcolor; stroke-width: 0; fill-opacity: 0.1; fill: none; pointer-events: auto;"
              />
              <polyline
                points="2 16 41.333333333333336 16 80.66666666666667 16 120 16 159.33333333333334 16 198.66666666666669 16 238 16 238 30 2 30 2 16"
                style="stroke: currentcolor; stroke-width: 0; fill-opacity: 0.1; fill: none; pointer-events: auto;"
              />
              <polyline
                points="2 16 41.333333333333336 16 80.66666666666667 16 120 16 159.33333333333334 16 198.66666666666669 16 238 16"
                style="stroke: currentcolor; stroke-width: 1; stroke-linejoin: round; stroke-linecap: round; fill: none;"
              />
            </g>
            <line
              style="stroke: grey; opacity: 0.4;"
              x1="2"
              x2="238"
              y1="18"
              y2="18"
            />
          </svg>
        </div>
      </div>
    </div>
    <div
      class="c6"
    >
      <div
        class="c3"
      >
        4XX
      </div>
      <div
        class="c4"
      >
        12
        <div
          class="c5"
        >
          <svg
            aria-hidden="true"
            focusable="false"
            preserveAspectRatio="xMaxYMin"
            viewBox="0 0 240 32"
          >
            <g>
              <circle
                cx="2"
                cy="16"
                r="2"
                style="stroke: currentcolor; stroke-width: 0; fill-opacity: 0.1; fill: none; pointer-events: auto;"
              />
              <circle
                cx="41.333333333333336"
                cy="16"
                r="2"
                style="stroke: currentcolor; stroke-width: 0; fill-opacity: 0.1; fill: none; pointer-events: auto;"
              />
              <circle
                cx="80.66666666666667"
                cy="16"
                r="2"
                style="stroke: currentcolor; stroke-width: 0; fill-opacity: 0.1; fill: none; pointer-events: auto;"
              />
              <circle
                cx="120"
                cy="16"
                r="2"
                style="stroke: currentcolor; stroke-width: 0; fill-opacity: 0.1; fill: none; pointer-events: auto;"
              />
              <circle
                cx="159.33333333333334"
                cy="16"
                r="2"
                style="stroke: currentcolor; stroke-width: 0; fill-opacity: 0.1; fill: none; pointer-events: auto;"
              />
              <circle
                cx="198.66666666666669"
                cy="16"
                r="2"
                style="stroke: currentcolor; stroke-width: 0; fill-opacity: 0.1; fill: none; pointer-events: auto;"
              />
              <circle
                cx="238"
                cy="16"
                r="2"
                style="stroke: currentcolor; stroke-width: 0; fill-opacity: 0.1; fill: none; pointer-events: auto;"
              />
              <polyline
                points="2 16 41.333333333333336 16 80.66666666666667 16 120 16 159.33333333333334 16 198.66666666666669 16 238 16 238 30 2 30 2 16"
                style="stroke: currentcolor; stroke-width: 0; fill-opacity: 0.1; fill: none; pointer-events: auto;"
              />
              <polyline
                points="2 16 41.333333333333336 16 80.66666666666667 16 120 16 159.33333333333334 16 198.66666666666669 16 238 16"
                style="stroke: currentcolor; stroke-width: 1; stroke-linejoin: round; stroke-linecap: round; fill: none;"
              />
            </g>
            <line
              style="stroke: grey; opacity: 0.4;"
              x1="2"
              x2="238"
              y1="18"
              y2="18"
            />
          </svg>
        </div>
      </div>
    </div>
    <div
      class="c6"
    >
      <div
        class="c3"
      >
        400
      </div>
      <div
        class="c4"
      >
        8
        <div
          class="c5"
        >
          <svg
            aria-hidden="true"
            focusable="false"
            preserveAspectRatio="xMaxYMin"
            viewBox="0 0 240 32"
          >
            <g>
              <circle
                cx="2"
                cy="16"
                r="2"
                style="stroke: currentcolor; stroke-width: 0; fill-opacity: 0.1; fill: none; pointer-events: auto;"
              />
              <circle
                cx="41.333333333333336"
                cy="16"
                r="2"
                style="stroke: currentcolor; stroke-width: 0; fill-opacity: 0.1; fill: none; pointer-events: auto;"
              />
              <circle
                cx="80.66666666666667"
                cy="16"
                r="2"
                style="stroke: currentcolor; stroke-width: 0; fill-opacity: 0.1; fill: none; pointer-events: auto;"
              />
              <circle
                cx="120"
                cy="16"
                r="2"
                style="stroke: currentcolor; stroke-width: 0; fill-opacity: 0.1; fill: none; pointer-events: auto;"
              />
              <circle
                cx="159.33333333333334"
                cy="16"
                r="2"
                style="stroke: currentcolor; stroke-width: 0; fill-opacity: 0.1; fill: none; pointer-events: auto;"
              />
              <circle
                cx="198.66666666666669"
                cy="16"
                r="2"
                style="stroke: currentcolor; stroke-width: 0; fill-opacity: 0.1; fill: none; pointer-events: auto;"
              />
              <circle
                cx="238"
                cy="16"
                r="2"
                style="stroke: currentcolor; stroke-width: 0; fill-opacity: 0.1; fill: none; pointer-events: auto;"
              />
              <polyline
                points="2 16 41.333333333333336 16 80.66666666666667 16 120 16 159.33333333333334 16 198.66666666666669 16 238 16 238 30 2 30 2 16"
                style="stroke: currentcolor; stroke-width: 0; fill-opacity: 0.1; fill: none; pointer-events: auto;"
              />
              <polyline
                points="2 16 41.333333333333336 16 80.66666666666667 16 120 16 159.33333333333334 16 198.66666666666669 16 238 16"
                style="stroke: currentcolor; stroke-width: 1; stroke-linejoin: round; stroke-linecap: round; fill: none;"
              />
            </g>
            <line
              style="stroke: grey; opacity: 0.4;"
              x1="2"
              x2="238"
              y1="18"
              y2="18"
            />
          </svg>
        </div>
      </div>
    </div>
    <div
      class="c6"
    >
      <div
        class="c3"
      >
        499
      </div>
      <div
        class="c4"
      >
        4
        <div
          class="c5"
        >
          <svg
            aria-hidden="true"
            focusable="false"
            preserveAspectRatio="xMaxYMin"
            viewBox="0 0 240 32"
          >
            <g>
              <circle
                cx="2"
                cy="16"
                r="2"
                style="stroke: currentcolor; stroke-width: 0; fill-opacity: 0.1; fill: none; pointer-events: auto;"
              />
              <circle
                cx="35.714285714285715"
                cy="16"
                r="2"
                style="stroke: currentcolor; stroke-width: 0; fill-opacity: 0.1; fill: none; pointer-events: auto;"
              />
              <circle
                cx="69.42857142857143"
                cy="16"
                r="2"
                style="stroke: currentcolor; stroke-width: 0; fill-opacity: 0.1; fill: none; pointer-events: auto;"
              />
              <circle
                cx="103.14285714285714"
                cy="16"
                r="2"
                style="stroke: currentcolor; stroke-width: 0; fill-opacity: 0.1; fill: none; pointer-events: auto;"
              />
              <circle
                cx="136.85714285714286"
                cy="16"
                r="2"
                style="stroke: currentcolor; stroke-width: 0; fill-opacity: 0.1; fill: none; pointer-events: auto;"
              />
              <circle
                cx="170.57142857142858"
                cy="16"
                r="2"
                style="stroke: currentcolor; stroke-width: 0; fill-opacity: 0.1; fill: none; pointer-events: auto;"
              />
              <circle
                cx="204.28571428571428"
                cy="16"
                r="2"
                style="stroke: currentcolor; stroke-width: 0; fill-opacity: 0.1; fill: none; pointer-events: auto;"
              />
              <circle
                cx="238"
                cy="16"
                r="2"
                style="stroke: currentcolor; stroke-width: 0; fill-opacity: 0.1; fill: none; pointer-events: auto;"
              />
              <polyline
                points="2 16 35.714285714285715 16 69.42857142857143 16 103.14285714285714 16 136.85714285714286 16 170.57142857142858 16 204.28571428571428 16 238 16 238 30 2 30 2 16"
                style="stroke: currentcolor; stroke-width: 0; fill-opacity: 0.1; fill: none; pointer-events: auto;"
              />
              <polyline
                points="2 16 35.714285714285715 16 69.42857142857143 16 103.14285714285714 16 136.85714285714286 16 170.57142857142858 16 204.28571428571428 16 238 16"
                style="stroke: currentcolor; stroke-width: 1; stroke-linejoin: round; stroke-linecap: round; fill: none;"
              />
            </g>
            <line
              style="stroke: grey; opacity: 0.4;"
              x1="2"
              x2="238"
              y1="18"
              y2="18"
            />
          </svg>
        </div>
      </div>
    </div>
    <div
      class="c6"
    >
      <div
        class="c3"
      >
        5XX
      </div>
      <div
        class="c4"
      >
        16
        <div
          class="c5"
        >
          <svg
            aria-hidden="true"
            focusable="false"
            preserveAspectRatio="xMaxYMin"
            viewBox="0 0 240 32"
          >
            <g>
              <circle
                cx="2"
                cy="16"
                r="2"
                style="stroke: currentcolor; stroke-width: 0; fill-opacity: 0.1; fill: none; pointer-events: auto;"
              />
              <circle
                cx="41.333333333333336"
                cy="16"
                r="2"
                style="stroke: currentcolor; stroke-width: 0; fill-opacity: 0.1; fill: none; pointer-events: auto;"
              />
              <circle
                cx="80.66666666666667"
                cy="16"
                r="2"
                style="stroke: currentcolor; stroke-width: 0; fill-opacity: 0.1; fill: none; pointer-events: auto;"
              />
              <circle
                cx="120"
                cy="16"
                r="2"
                style="stroke: currentcolor; stroke-width: 0; fill-opacity: 0.1; fill: none; pointer-events: auto;"
              />
              <circle
                cx="159.33333333333334"
                cy="16"
                r="2"
                style="stroke: currentcolor; stroke-width: 0; fill-opacity: 0.1; fill: none; pointer-events: auto;"
              />
              <circle
                cx="198.66666666666669"
                cy="16"
                r="2"
                style="stroke: currentcolor; stroke-width: 0; fill-opacity: 0.1; fill: none; pointer-events: auto;"
              />
              <circle
                cx="238"
                cy="16"
                r="2"
                style="stroke: currentcolor; stroke-width: 0; fill-opacity: 0.1; fill: none; pointer-events: auto;"
              />
              <polyline
                points="2 16 41.333333333333336 16 80.66666666666667 16 120 16 159.33333333333334 16 198.66666666666669 16 238 16 238 30 2 30 2 16"
                style="stroke: currentcolor; stroke-width: 0; fill-opacity: 0.1; fill: none; pointer-events: auto;"
              />
              <polyline
                points="2 16 41.333333333333336 16 80.66666666666667 16 120 16 159.33333333333334 16 198.66666666666669 16 238 16"
                style="stroke: currentcolor; stroke-width: 1; stroke-linejoin: round; stroke-linecap: round; fill: none;"
              />
            </g>
            <line
              style="stroke: grey; opacity: 0.4;"
              x1="2"
              x2="238"
              y1="18"
              y2="18"
            />
          </svg>
        </div>
      </div>
    </div>
    <div
      class="c6"
    >
      <div
        class="c3"
      >
        500
      </div>
      <div
        class="c4"
      >
        16
        <div
          class="c5"
        >
          <svg
            aria-hidden="true"
            focusable="false"
            preserveAspectRatio="xMaxYMin"
            viewBox="0 0 240 32"
          >
            <g>
              <circle
                cx="2"
                cy="16"
                r="2"
                style="stroke: currentcolor; stroke-width: 0; fill-opacity: 0.1; fill: none; pointer-events: auto;"
              />
              <circle
                cx="41.333333333333336"
                cy="16"
                r="2"
                style="stroke: currentcolor; stroke-width: 0; fill-opacity: 0.1; fill: none; pointer-events: auto;"
              />
              <circle
                cx="80.66666666666667"
                cy="16"
                r="2"
                style="stroke: currentcolor; stroke-width: 0; fill-opacity: 0.1; fill: none; pointer-events: auto;"
              />
              <circle
                cx="120"
                cy="16"
                r="2"
                style="stroke: currentcolor; stroke-width: 0; fill-opacity: 0.1; fill: none; pointer-events: auto;"
              />
              <circle
                cx="159.33333333333334"
                cy="16"
                r="2"
                style="stroke: currentcolor; stroke-width: 0; fill-opacity: 0.1; fill: none; pointer-events: auto;"
              />
              <circle
                cx="198.66666666666669"
                cy="16"
                r="2"
                style="stroke: currentcolor; stroke-width: 0; fill-opacity: 0.1; fill: none; pointer-events: auto;"
              />
              <circle
                cx="238"
                cy="16"
                r="2"
                style="stroke: currentcolor; stroke-width: 0; fill-opacity: 0.1; fill: none; pointer-events: auto;"
              />
              <polyline
                points="2 16 41.333333333333336 16 80.66666666666667 16 120 16 159.33333333333334 16 198.66666666666669 16 238 16 238 30 2 30 2 16"
                style="stroke: currentcolor; stroke-width: 0; fill-opacity: 0.1; fill: none; pointer-events: auto;"
              />
              <polyline
                points="2 16 41.333333333333336 16 80.66666666666667 16 120 16 159.33333333333334 16 198.66666666666669 16 238 16"
                style="stroke: currentcolor; stroke-width: 1; stroke-linejoin: round; stroke-linecap: round; fill: none;"
              />
            </g>
            <line
              style="stroke: grey; opacity: 0.4;"
              x1="2"
              x2="238"
              y1="18"
              y2="18"
            />
          </svg>
        </div>
      </div>
    </div>
  </div>
</DocumentFragment>
`;
