// Jest Snapshot v1, https://goo.gl/fbAQLP

exports[`<GMTable> stateless child component of GMGrid matches snapshot 1`] = `
<DocumentFragment>
  .c0 {
  background-color: rgb(245, 245, 245);
  border-radius: 3px;
  font-family: Rubik,-apple-system,BlinkMacSystemFont,"Segoe UI","Roboto","Oxygen","Ubuntu","Cantarell","Fira Sans","Droid Sans","Helvetica Neue",sans-serif;
  font-size: 18px;
  height: 100%;
  padding: 8px;
  padding-top: 48px;
  text-align: right;
}

.c1 {
  text-align: center;
  margin: 0;
  font-family: Rubik,-apple-system,BlinkMacSystemFont,"Segoe UI","Roboto","Oxygen","Ubuntu","Cantarell","Fira Sans","Droid Sans","Helvetica Neue",sans-serif;
}

.c2 {
  display: flex;
  flex-direction: row;
  padding-right: 15%;
  padding-top: 2px;
  padding-bottom: 2px;
  position: relative;
}

.c3 {
  flex: 1 1 33%;
  opacity: 0.65;
  text-align: right;
}

.c5 {
  flex: 1 1 33%;
  opacity: 0.65;
  padding-left: 8px;
}

.c4:first-child {
  margin-left: 33%;
}

<div
    class="c0"
  >
    <h3
      class="c1"
    >
      Requests
    </h3>
    <div
      class="c2"
    >
      <div
        class="c3 c4"
      >
        Requests
      </div>
      <div
        class="c3 c4"
      >
        Success
      </div>
    </div>
    <div
      class="c2"
    >
      <div
        class="c3"
      >
        http
      </div>
      <div
        class="c5"
      >
        0
      </div>
      <div
        class="c5"
      >
        0
      </div>
    </div>
    <div
      class="c2"
    >
      <div
        class="c3"
      >
        https
      </div>
      <div
        class="c5"
      >
        1,743
      </div>
      <div
        class="c5"
      >
        4,324
      </div>
    </div>
  </div>
</DocumentFragment>
`;
