// Jest Snapshot v1, https://goo.gl/fbAQLP

exports[`<GMTable> stateless child component of GMGrid matches snapshot 1`] = `
<styled.div
  table={true}
>
  <styled.h3>
    Requests
  </styled.h3>
  <styled.div>
    <Styled(styled.div)
      key="header-0"
    >
      Requests
    </Styled(styled.div)>
    <Styled(styled.div)
      key="header-1"
    >
      Success
    </Styled(styled.div)>
  </styled.div>
  <styled.div
    key="row-0"
  >
    <styled.div
      key="row-0-cell-0"
    >
      http
    </styled.div>
    <styled.div
      key="row-0-cell-1"
    >
      0
    </styled.div>
    <styled.div
      key="row-0-cell-2"
    >
      0
    </styled.div>
  </styled.div>
  <styled.div
    key="row-1"
  >
    <styled.div
      key="row-1-cell-0"
    >
      https
    </styled.div>
    <styled.div
      key="row-1-cell-1"
    >
      1,743
    </styled.div>
    <styled.div
      key="row-1-cell-2"
    >
      4,324
    </styled.div>
  </styled.div>
</styled.div>
`;
