// Jest Snapshot v1, https://goo.gl/fbAQLP

exports[`ThreadsTable component matches the snapshot 1`] = `
<div
  class="sc-dAlyuH jUfBmT"
>
  <div
    class="sc-aXZVg hzbXYb"
  >
    <div
      class="sc-gEvEer sc-eqUAAy sc-fqkvVR gVslNl kANjAX jrxxzg"
      style="text-align:center"
    >
      <span>
        State
      </span>
    </div>
    <div
      class="sc-gEvEer sc-eqUAAy sc-fqkvVR gVslNl kANjAX jrxxzg"
      style="text-align:center"
    >
      <span>
        ID
      </span>
    </div>
    <div
      class="sc-gEvEer sc-eqUAAy gVslNl kANjAX"
    >
      <span>
        Name
      </span>
    </div>
    <div
      class="sc-gEvEer sc-eqUAAy sc-fqkvVR gVslNl kANjAX jrxxzg"
      style="text-align:right;flex:0 1 7em"
    >
      <span>
        Daemon
      </span>
    </div>
    <div
      class="sc-gEvEer sc-eqUAAy sc-fqkvVR gVslNl kANjAX jrxxzg"
      style="text-align:right;flex:0 1 7em"
    >
      <span>
        Priority
      </span>
    </div>
    <div
      class="sc-gEvEer sc-eqUAAy sc-fqkvVR gVslNl kANjAX jrxxzg"
    />
  </div>
  <ol
    class="sc-dcJsrY hsrmcx"
  />
</div>
`;
