// Vitest Snapshot v1, https://vitest.dev/guide/snapshot.html

exports[`InspectorData > matches snapshot 1`] = `
<DocumentFragment>
  .c0 {
  flex: 1 1 100%;
  margin: 0 auto;
  -webkit-overflow-scrolling: touch;
  overflow-y: scroll;
  padding: 0 8px;
  width: 100%;
  word-break: break-all;
}

<ul
    class="c0"
  />
</DocumentFragment>
`;
