// Vitest Snapshot v1, https://vitest.dev/guide/snapshot.html

exports[`InspectorToolbar > matches snapshot 1`] = `
<DocumentFragment>
  .c0 {
  align-items: stretch;
  box-shadow: 0 1px 0 0 hsl(0, 0%, 92%);
  display: flex;
  flex: 0 0 112px;
  flex-direction: column;
}

.c0 >* {
  padding: 8px;
  display: flex;
  flex: 1 1 auto;
}

<div
    class="c0"
  />
</DocumentFragment>
`;
