// Jest Snapshot v1, https://goo.gl/fbAQLP

exports[`PollingSettings component Matches the snapshot 1`] = `
<DocumentFragment>
  .c12 {
  appearance: none;
  width: 100%;
  height: 6px;
  margin: 12px 0;
  border-radius: 20px;
  background: rgb(230, 230, 230);
  outline: none;
  cursor: pointer;
}

.c12::-webkit-slider-thumb {
  -webkit-appearance: none;
  appearance: none;
  width: 16px;
  height: 16px;
  border: none;
  border-radius: 0;
  background: rgb(10, 171, 42);
  cursor: pointer;
  transition: transform 0.3s ease;
}

.c12::-moz-range-thumb {
  width: 16px;
  height: 16px;
  border: none;
  border-radius: 0;
  background: rgb(10, 171, 42);
  cursor: pointer;
  transition: transform 0.3s ease;
}

.c12:disabled {
  cursor: default;
}

.c12:hover::-webkit-slider-thumb,
.c12:focus::-webkit-slider-thumb {
  transform: scale(1.1);
}

.c12:hover::-moz-range-thumb,
.c12:focus::-moz-range-thumb {
  transform: scale(1.1);
}

.c12:disabled::-webkit-slider-thumb {
  background: rgb(102, 102, 102);
  cursor: default;
  transform: none;
}

.c12:disabled::-moz-range-thumb {
  background: rgb(102, 102, 102);
  cursor: default;
  transform: none;
}

.c4 {
  transform: scale(1);
}

.c3 {
  z-index: 1;
  height: 24px;
  width: 24px;
  color: currentColor;
  word-spacing: 0;
  vertical-align: middle;
}

.c3:not(:root) {
  overflow: visible;
}

.c9 {
  box-sizing: border-box;
  user-select: none;
  font-family: Metropolis,-apple-system,BlinkMacSystemFont,"Segoe UI","Roboto","Oxygen","Ubuntu","Cantarell","Fira Sans","Droid Sans","Helvetica Neue",sans-serif;
  font-weight: 600;
  border-width: 1px;
  line-height: 1.4;
  border-style: solid;
  text-transform: none;
  text-align: center;
  display: flex;
  justify-content: center;
  align-items: center;
  cursor: pointer;
  transition: all 0.3s ease;
  background-color: rgb(255, 255, 255);
  border-color: rgb(255, 255, 255);
  border-top-color: hsl(0, 0%, 100%);
  border-bottom-color: hsl(0, 0%, 94%);
  color: rgb(0, 0, 0);
  font-size: 21px;
  border-radius: 3px;
  padding: 2px 4px;
  flex-direction: column;
  padding-top: 4px;
}

.c9:hover {
  transition: all 0.1s ease;
}

.c9:focus,
.c9:active {
  transition: all 0 ease;
}

.c9 >* {
  flex: 0 1 auto;
}

.c9:active {
  transition-duration: 0s;
  background-color: hsl(0, 0%, 92.5%);
  border-color: hsl(0, 0%, 92.5%);
  border-top-color: hsl(0, 0%, 98%);
  border-bottom-color: hsl(0, 0%, 87%);
  color: hsl(0, 0%, 0%);
}

.c9:hover {
  background-color: hsl(0, 0%, 98.5%);
  border-color: hsl(0, 0%, 98.5%);
  border-top-color: hsl(0, 0%, 100%);
  border-bottom-color: hsl(0, 0%, 92.6%);
  color: hsl(0, 0%, 0%);
}

.c9:focus {
  outline: none;
  box-shadow: 0 0 0 2px #0aab2a;
  z-index: 1;
}

.c9[disabled],
.c9[disabled]:hover,
.c9[disabled]:focus,
.c9[disabled]:active {
  cursor: default;
  opacity: 0.8;
  background-color: hsl(0, 0%, 94%);
  border-color: hsl(0, 0%, 94%);
  color: hsl(0, 0%, 0%);
}

.c9 >svg {
  width: 24px;
  height: 24px;
}

.c9 >:not(:first-child) {
  margin-top: 0.25px;
}

.c0 {
  align-items: stretch;
  color: rgb(32, 32, 32);
  display: flex;
  flex: 0 0 auto;
  flex-direction: column;
  margin-bottom: 32px;
}

.c0:first-of-type >* {
  border-top: 0;
}

.c1 {
  align-items: center;
  border-top: 1px solid rgb(217, 217, 217);
  display: flex;
  flex-direction: row;
  margin: 0 auto;
  max-width: 1300px;
  padding: 16px;
  width: 100%;
}

.c6 {
  margin: 0 auto;
  max-width: 1300px;
  padding: 8px;
  width: 100%;
  display: flex;
  justify-content: center;
  flex-direction: row;
}

.c2 {
  flex: 0 0 auto;
  padding-right: 8px!important;
}

.c5 {
  color: inherit;
  font-size: 18px;
  margin: 0;
}

.c8 {
  align-items: center;
  align-self: stretch;
  border: 1px solid rgb(230, 230, 230);
  border-radius: 3px;
  display: flex;
  flex: 0 0 160px;
  flex-direction: column;
  height: 140px;
  justify-content: center;
  width: 160px;
}

.c8 .label {
  bottom: 10px;
  position: absolute;
  left: 0;
  width: 100%;
}

.c8 >svg {
  color: rgb(10, 171, 42);
  transition: all 0.3s ease;
  will-change: transform;
}

.c8 .btn-type-polling>svg {
  height: 100%;
}

.c8:hover svg,
.c8:active svg,
.c8:focus svg {
  transform: scale(1.1);
  transition: all 0.1s ease;
}

.c8:active svg {
  transform: scale(1);
  transition: all 0;
}

.c11 {
  align-items: center;
  border: 1px solid rgb(230, 230, 230);
  border-radius: 3px;
  display: flex;
  flex: 0 1 50%;
  flex-direction: column;
  justify-content: center;
  margin-left: 16px;
  padding: 32px;
  position: relative;
}

.c11 .label {
  font-size: 14px;
  text-align: center;
  width: 100%;
}

.c10 {
  background-color: rgba(0, 0, 0, 0.8);
  border-radius: 6px;
  color: rgb(255, 255, 255);
  font-family: Metropolis,-apple-system,BlinkMacSystemFont,"Segoe UI","Roboto","Oxygen","Ubuntu","Cantarell","Fira Sans","Droid Sans","Helvetica Neue",sans-serif;
  font-size: 11px;
  opacity: 0;
  padding: 10px;
  position: absolute;
  text-align: left;
  transition: opacity 1s;
  visibility: hidden;
  white-space: normal;
  width: 160px;
  z-index: 1070;
  right: 120%;
  top: -5px;
}

.c7 {
  border-bottom: 1px solid rgb(217, 217, 217);
  cursor: default;
  display: inline-block;
  position: relative;
}

<section
    class="c0"
  >
    <header
      class="c1"
    >
      <span
        class="c2"
      >
        <svg
          aria-labelledby="ariaLabelledby"
          class="c3"
          focusable="false"
          version="1.1"
          viewBox="0 0 24 24"
          xmlns="http://www.w3.org/2000/svg"
          xmlns:xlink="http://www.w3.org/1999/xlink"
        >
          <g
            class="c4"
            fill="currentColor"
            title=""
          >
            <title />
            <g
              class="glyph"
              fill="currentColor"
              transform="translate(0 0) scale(1)"
            >
              <path
                d="M14.9840176,4.61673196 C17.8864554,5.80181797 19.9317664,8.65279612 19.9317664,11.9814822 C19.9317664,16.3731065 16.3716515,19.9332214 11.9800272,19.9332214 C7.58840298,19.9332214 4.02828809,16.3731065 4.02828809,11.9814822 C4.02828809,8.78101943 5.91906039,6.02217015 8.64450856,4.76103084 L5.27758564,4.46646325 L5.39309226,3.14621652 L10.8941203,3.62749411 L10.4128427,9.12852216 L9.09259598,9.01301553 L9.32170102,6.39433295 C7.22022775,7.39505768 5.79534124,9.54048188 5.79534124,11.9814822 C5.79534124,15.39719 8.56431948,18.1661683 11.9800272,18.1661683 C15.395735,18.1661683 18.1647133,15.39719 18.1647133,11.9814822 C18.1647133,9.69401394 16.9113633,7.64421418 14.9840176,6.57297136 L14.9840176,8.00561267 L13.7470804,8.00561267 L13.7470804,3.14621652 L14.9840176,3.14621652 L14.9840176,4.61673196 L14.9840176,4.61673196 Z"
                id="Combined-Shape"
              />
            </g>
          </g>
        </svg>
      </span>
      <h3
        class="c5"
      >
        Instance Polling
      </h3>
    </header>
    <div
      class="c6"
    >
      <div
        class="c7"
        disabled=""
      >
        <div
          class="c8"
        >
          <button
            class="c9"
            orientation="vertical"
            style="width: 100%; height: 100%; position: relative; z-index: 0;"
            tabindex="0"
            title="Pause Polling"
            type="polling"
          >
            <svg
              aria-labelledby="ariaLabelledby"
              class="c3"
              focusable="false"
              version="1.1"
              viewBox="0 0 24 24"
              xmlns="http://www.w3.org/2000/svg"
              xmlns:xlink="http://www.w3.org/1999/xlink"
            >
              <g
                class="c4"
                fill="currentColor"
                title=""
              >
                <title />
                <g
                  class="glyph"
                  fill="rgb(10, 171, 42)"
                  transform="translate(-24 -24) scale(3)"
                >
                  <path
                    d="M6,5 L10.6153846,5 L10.6153846,19 L6,19 L6,5 Z M13.3846154,5 L18,5 L18,19 L13.3846154,19 L13.3846154,5 Z"
                    id="Combined-Shape"
                  />
                </g>
              </g>
            </svg>
            <span
              style="font-size: 14px; position: absolute; bottom: 10px; width: 100%; left: 0px;"
            >
              Pause Polling
            </span>
          </button>
        </div>
        <div
          class="c10"
          style="top: 0px;"
        />
      </div>
      <div
        class="c11"
        id="ctrl-slider-Instance Polling"
      >
        <input
          aria-labelledby="interval-name-Instance Polling"
          class="c12"
          max="120"
          min="5"
          type="range"
          value="5"
        />
        <span
          class="label"
          id="interval-name-Instance Polling"
        >
          5s Polling Interval(s)
        </span>
      </div>
    </div>
  </section>
</DocumentFragment>
`;
