// Jest Snapshot v1, https://goo.gl/fbAQLP

exports[`PollingSettings component Matches the snapshot 1`] = `
<section
  class="sc-iGgWBj jREpOu"
>
  <header
    class="sc-gsFSXq notZu"
  >
    <span
      class="sc-imWYAI eCbnYE"
    >
      <svg
        aria-labelledby="ariaLabelledby"
        class="sc-gEvEer bnkFvn"
        focusable="false"
        version="1.1"
        viewBox="0 0 24 24"
        xlink="http://www.w3.org/1999/xlink"
        xmlns="http://www.w3.org/2000/svg"
      >
        <g
          class="sc-aXZVg lcZsxU"
          fill="currentColor"
          title=""
        >
          <title />
          <g
            class="glyph"
            fill="currentColor"
            transform="translate(0 0) scale(1)"
          >
            <path
              d="M14.9840176,4.61673196 C17.8864554,5.80181797 19.9317664,8.65279612 19.9317664,11.9814822 C19.9317664,16.3731065 16.3716515,19.9332214 11.9800272,19.9332214 C7.58840298,19.9332214 4.02828809,16.3731065 4.02828809,11.9814822 C4.02828809,8.78101943 5.91906039,6.02217015 8.64450856,4.76103084 L5.27758564,4.46646325 L5.39309226,3.14621652 L10.8941203,3.62749411 L10.4128427,9.12852216 L9.09259598,9.01301553 L9.32170102,6.39433295 C7.22022775,7.39505768 5.79534124,9.54048188 5.79534124,11.9814822 C5.79534124,15.39719 8.56431948,18.1661683 11.9800272,18.1661683 C15.395735,18.1661683 18.1647133,15.39719 18.1647133,11.9814822 C18.1647133,9.69401394 16.9113633,7.64421418 14.9840176,6.57297136 L14.9840176,8.00561267 L13.7470804,8.00561267 L13.7470804,3.14621652 L14.9840176,3.14621652 L14.9840176,4.61673196 L14.9840176,4.61673196 Z"
              id="Combined-Shape"
            />
          </g>
        </g>
      </svg>
    </span>
    <h3
      class="sc-jXbUNg eihRJG"
    >
      Instance Polling
    </h3>
  </header>
  <div
    class="sc-kAyceB eHvGEI"
  >
    <div
      class="sc-jlZhew dmYHvQ"
      disabled=""
      style="border:none"
    >
      <div
        class="sc-dhKdcB gCqYdo"
      >
        <button
          class="sc-eqUAAy MlDjZ"
          orientation="vertical"
          style="width:100%;height:100%;position:relative;z-index:0"
          tabindex="0"
          title="Pause Polling"
          type="polling"
        >
          <svg
            aria-labelledby="ariaLabelledby"
            class="sc-gEvEer bnkFvn"
            focusable="false"
            version="1.1"
            viewBox="0 0 24 24"
            xlink="http://www.w3.org/1999/xlink"
            xmlns="http://www.w3.org/2000/svg"
          >
            <g
              class="sc-aXZVg lcZsxU"
              fill="currentColor"
              title=""
            >
              <title />
              <g
                class="glyph"
                fill="rgb(10, 171, 42)"
                transform="translate(-24 -24) scale(3)"
              >
                <path
                  d="M6,5 L10.6153846,5 L10.6153846,19 L6,19 L6,5 Z M13.3846154,5 L18,5 L18,19 L13.3846154,19 L13.3846154,5 Z"
                  id="Combined-Shape"
                />
              </g>
            </g>
          </svg>
          <span
            style="font-size:14px;position:absolute;bottom:10px;width:100%;left:0px"
          >
            Pause Polling
          </span>
        </button>
      </div>
      <div
        class="sc-dAlyuH fOiogS"
        style="top:0px"
      />
    </div>
    <div
      class="sc-kpDqfm iXzHdw"
      id="ctrl-slider-Instance Polling"
    >
      <div
        aria-disabled="false"
        class="input-range"
      >
        <span
          class="input-range__label input-range__label--min"
        >
          <span
            class="input-range__label-container"
          >
            5
          </span>
        </span>
        <div
          class="input-range__track input-range__track--background"
        >
          <div
            class="input-range__track input-range__track--active"
            style="left:0%;width:0%"
          />
          <span
            class="input-range__slider-container"
            style="position:absolute;left:0%"
          >
            <span
              class="input-range__label input-range__label--value"
            >
              <span
                class="input-range__label-container"
              >
                5
              </span>
            </span>
            <div
              aria-valuemax="120"
              aria-valuemin="5"
              aria-valuenow="5"
              class="input-range__slider"
              draggable="false"
              role="slider"
              tabindex="0"
            />
          </span>
        </div>
        <span
          class="input-range__label input-range__label--max"
        >
          <span
            class="input-range__label-container"
          >
            120
          </span>
        </span>
      </div>
      <span
        class="label"
        id="interval-name-Instance Polling"
      >
        Polling Interval(s)
      </span>
    </div>
  </div>
</section>
`;
