// Jest Snapshot v1, https://goo.gl/fbAQLP

exports[`PollingSettings component Matches the snapshot 1`] = `
.c4 {
  -webkit-transform: scale(1);
  -ms-transform: scale(1);
  transform: scale(1);
}

.c3 {
  z-index: 1;
  height: 24px;
  width: 24px;
  color: currentColor;
  word-spacing: 0;
  vertical-align: middle;
}

.c3:not(:root) {
  overflow: visible;
}

.c9 {
  box-sizing: border-box;
  -webkit-user-select: none;
  -moz-user-select: none;
  -ms-user-select: none;
  user-select: none;
  font-family: Metropolis,-apple-system,BlinkMacSystemFont,"Segoe UI","Roboto","Oxygen","Ubuntu","Cantarell","Fira Sans","Droid Sans","Helvetica Neue",sans-serif;
  font-weight: 600;
  border-width: 1px;
  line-height: 1.4;
  border-style: solid;
  text-transform: none;
  text-align: center;
  display: -webkit-box;
  display: -webkit-flex;
  display: -ms-flexbox;
  display: flex;
  -webkit-box-pack: center;
  -webkit-justify-content: center;
  -ms-flex-pack: center;
  justify-content: center;
  -webkit-align-items: center;
  -webkit-box-align: center;
  -ms-flex-align: center;
  align-items: center;
  cursor: pointer;
  -webkit-transition: all 0.3s ease;
  transition: all 0.3s ease;
  background-color: rgb(255,255,255);
  border-color: rgb(255,255,255);
  border-top-color: hsl(0,0%,100%);
  border-bottom-color: hsl(0,0%,94%);
  color: rgb(0,0,0);
  font-size: 21px;
  border-radius: 3px;
  padding: 2px 4px;
  -webkit-flex-direction: column;
  -ms-flex-direction: column;
  flex-direction: column;
  padding-top: 4px;
}

.c9:hover {
  -webkit-transition: all 0.1s ease;
  transition: all 0.1s ease;
}

.c9:focus,
.c9:active {
  -webkit-transition: all 0 ease;
  transition: all 0 ease;
}

.c9 > * {
  -webkit-flex: 0 1 auto;
  -ms-flex: 0 1 auto;
  flex: 0 1 auto;
}

.c9:active {
  -webkit-transition-duration: 0s;
  transition-duration: 0s;
  background-color: hsl(0,0%,92.5%);
  border-color: hsl(0,0%,92.5%);
  border-top-color: hsl(0,0%,98%);
  border-bottom-color: hsl(0,0%,87%);
  color: hsl(0,0%,0%);
}

.c9:hover {
  background-color: hsl(0,0%,98.5%);
  border-color: hsl(0,0%,98.5%);
  border-top-color: hsl(0,0%,100%);
  border-bottom-color: hsl(0,0%,92.6%);
  color: hsl(0,0%,0%);
}

.c9:focus {
  outline: none;
  box-shadow: 0 0 0 2px #0aab2a;
  z-index: 1;
}

.c9[disabled],
.c9[disabled]:hover,
.c9[disabled]:focus,
.c9[disabled]:active {
  cursor: default;
  opacity: 0.8;
  background-color: hsl(0,0%,94%);
  border-color: hsl(0,0%,94%);
  color: hsl(0,0%,0%);
}

.c9 > svg {
  width: 24px;
  height: 24px;
}

.c9 > :not(:first-child) {
  margin-top: 0.25px;
}

.c0 {
  -webkit-align-items: stretch;
  -webkit-box-align: stretch;
  -ms-flex-align: stretch;
  align-items: stretch;
  color: rgb(32,32,32);
  display: -webkit-box;
  display: -webkit-flex;
  display: -ms-flexbox;
  display: flex;
  -webkit-flex: 0 0 auto;
  -ms-flex: 0 0 auto;
  flex: 0 0 auto;
  -webkit-flex-direction: column;
  -ms-flex-direction: column;
  flex-direction: column;
  margin-bottom: 32px;
}

.c0:first-of-type > * {
  border-top: 0;
}

.c1 {
  -webkit-align-items: center;
  -webkit-box-align: center;
  -ms-flex-align: center;
  align-items: center;
  border-top: 1px solid rgb(217,217,217);
  display: -webkit-box;
  display: -webkit-flex;
  display: -ms-flexbox;
  display: flex;
  -webkit-flex-direction: row;
  -ms-flex-direction: row;
  flex-direction: row;
  margin: 0 auto;
  max-width: 1300px;
  padding: 16px;
  width: 100%;
}

.c6 {
  margin: 0 auto;
  max-width: 1300px;
  padding: 8px;
  width: 100%;
  display: -webkit-box;
  display: -webkit-flex;
  display: -ms-flexbox;
  display: flex;
  -webkit-box-pack: center;
  -webkit-justify-content: center;
  -ms-flex-pack: center;
  justify-content: center;
  -webkit-flex-direction: row;
  -ms-flex-direction: row;
  flex-direction: row;
}

.c2 {
  -webkit-flex: 0 0 auto;
  -ms-flex: 0 0 auto;
  flex: 0 0 auto;
  padding-right: 8px !important;
}

.c5 {
  color: inherit;
  font-size: 18px;
  margin: 0;
}

.c8 {
  -webkit-align-items: center;
  -webkit-box-align: center;
  -ms-flex-align: center;
  align-items: center;
  -webkit-align-self: stretch;
  -ms-flex-item-align: stretch;
  align-self: stretch;
  border: 1px solid rgb(230,230,230);
  border-radius: 3px;
  display: -webkit-box;
  display: -webkit-flex;
  display: -ms-flexbox;
  display: flex;
  -webkit-flex: 0 0 160px;
  -ms-flex: 0 0 160px;
  flex: 0 0 160px;
  -webkit-flex-direction: column;
  -ms-flex-direction: column;
  flex-direction: column;
  height: 140px;
  -webkit-box-pack: center;
  -webkit-justify-content: center;
  -ms-flex-pack: center;
  justify-content: center;
  width: 160px;
}

.c8 .label {
  bottom: 10px;
  position: absolute;
  left: 0;
  width: 100%;
}

.c8 > svg {
  color: rgb(10,171,42);
  -webkit-transition: all 0.3s ease;
  transition: all 0.3s ease;
  will-change: transform;
}

.c8 .btn-type-polling > svg {
  height: 100%;
}

.c8:hover svg,
.c8:active svg,
.c8:focus svg {
  -webkit-transform: scale(1.1);
  -ms-transform: scale(1.1);
  transform: scale(1.1);
  -webkit-transition: all 0.1s ease;
  transition: all 0.1s ease;
}

.c8:active svg {
  -webkit-transform: scale(1);
  -ms-transform: scale(1);
  transform: scale(1);
  -webkit-transition: all 0;
  transition: all 0;
}

.c11 {
  -webkit-align-items: center;
  -webkit-box-align: center;
  -ms-flex-align: center;
  align-items: center;
  border: 1px solid rgb(230,230,230);
  border-radius: 3px;
  display: -webkit-box;
  display: -webkit-flex;
  display: -ms-flexbox;
  display: flex;
  -webkit-flex: 0 1 50%;
  -ms-flex: 0 1 50%;
  flex: 0 1 50%;
  -webkit-flex-direction: column;
  -ms-flex-direction: column;
  flex-direction: column;
  -webkit-box-pack: center;
  -webkit-justify-content: center;
  -ms-flex-pack: center;
  justify-content: center;
  margin-left: 16px;
  padding: 32px;
  position: relative;
}

.c11 .input-range__label.input-range__label--value {
  color: rgb(10,171,42);
  font-family: Metropolis,-apple-system,BlinkMacSystemFont,"Segoe UI","Roboto","Oxygen","Ubuntu","Cantarell","Fira Sans","Droid Sans","Helvetica Neue",sans-serif;
  font-size: 24px;
  font-weight: 400;
  line-height: 0;
  margin-left: -50%;
  -webkit-transform: translateX(-50%) translateY(4px);
  -ms-transform: translateX(-50%) translateY(4px);
  transform: translateX(-50%) translateY(4px);
  text-align: center;
  will-change: transform;
}

.c11 .input-range__label.input-range__label--value .input-range__label-container {
  position: static;
}

.c11 .label {
  bottom: 10px;
  font-size: 14px;
  left: 0px;
  position: absolute;
  text-align: center;
  width: 100%;
}

.c11 .input-range__slider-container {
  -webkit-transition: left 0;
  transition: left 0;
  will-change: transform;
}

.c11 .input-range__slider {
  background: rgb(10,171,42);
  border: none;
  border-radius: 0;
  -webkit-transition: -webkit-transform 0.3s ease;
  -webkit-transition: transform 0.3s ease;
  transition: transform 0.3s ease;
}

.c11 .input-range__slider:hover,
.c11 .input-range__slider:focus,
.c11 .input-range__slider:active {
  -webkit-transform: scale(1.1);
  -ms-transform: scale(1.1);
  transform: scale(1.1);
}

.c11 .input-range__slider:before {
  border-left: 7px solid transparent;
  border-right: 7px solid transparent;
  border-top: 7px solid rgb(10,171,42);
  color: rgb(10,171,42);
  content: "";
  height: 0;
  position: absolute;
  top: 100%;
  width: 0;
}

.c11 .input-range__track {
  background-color: rgb(230,230,230);
  border-radius: 20px;
}

.c10 {
  background-color: rgba(0,0,0,0.8);
  border-radius: 6px;
  color: rgb(255,255,255);
  font-family: Metropolis,-apple-system,BlinkMacSystemFont,"Segoe UI","Roboto","Oxygen","Ubuntu","Cantarell","Fira Sans","Droid Sans","Helvetica Neue",sans-serif;
  font-size: 11px;
  opacity: 0;
  padding: 10px;
  position: absolute;
  text-align: left;
  -webkit-transition: opacity 1s;
  transition: opacity 1s;
  visibility: hidden;
  white-space: normal;
  width: 160px;
  z-index: 1070;
  right: 120%;
  top: -5px;
}

.c7 {
  border-bottom: 1px solid rgb(217,217,217);
  cursor: default;
  display: inline-block;
  position: relative;
}

<section
  class="c0"
>
  <header
    class="c1"
  >
    <span
      class="c2"
    >
      <svg
        aria-labelledby="ariaLabelledby"
        class="c3"
        focusable="false"
        version="1.1"
        viewBox="0 0 24 24"
        xlink="http://www.w3.org/1999/xlink"
        xmlns="http://www.w3.org/2000/svg"
      >
        <g
          class="c4"
          fill="currentColor"
          title=""
        >
          <title />
          <g
            class="glyph"
            fill="currentColor"
            transform="translate(0 0) scale(1)"
          >
            <path
              d="M14.9840176,4.61673196 C17.8864554,5.80181797 19.9317664,8.65279612 19.9317664,11.9814822 C19.9317664,16.3731065 16.3716515,19.9332214 11.9800272,19.9332214 C7.58840298,19.9332214 4.02828809,16.3731065 4.02828809,11.9814822 C4.02828809,8.78101943 5.91906039,6.02217015 8.64450856,4.76103084 L5.27758564,4.46646325 L5.39309226,3.14621652 L10.8941203,3.62749411 L10.4128427,9.12852216 L9.09259598,9.01301553 L9.32170102,6.39433295 C7.22022775,7.39505768 5.79534124,9.54048188 5.79534124,11.9814822 C5.79534124,15.39719 8.56431948,18.1661683 11.9800272,18.1661683 C15.395735,18.1661683 18.1647133,15.39719 18.1647133,11.9814822 C18.1647133,9.69401394 16.9113633,7.64421418 14.9840176,6.57297136 L14.9840176,8.00561267 L13.7470804,8.00561267 L13.7470804,3.14621652 L14.9840176,3.14621652 L14.9840176,4.61673196 L14.9840176,4.61673196 Z"
              id="Combined-Shape"
            />
          </g>
        </g>
      </svg>
    </span>
    <h3
      class="c5"
    >
      Instance Polling
    </h3>
  </header>
  <div
    class="c6"
  >
    <div
      class="c7"
      disabled=""
      style="border:none"
    >
      <div
        class="c8"
      >
        <button
          class="c9"
          orientation="vertical"
          style="width:100%;height:100%;position:relative;z-index:0"
          tabindex="0"
          title="Pause Polling"
          type="polling"
        >
          <svg
            aria-labelledby="ariaLabelledby"
            class="c3"
            focusable="false"
            version="1.1"
            viewBox="0 0 24 24"
            xlink="http://www.w3.org/1999/xlink"
            xmlns="http://www.w3.org/2000/svg"
          >
            <g
              class="c4"
              fill="currentColor"
              title=""
            >
              <title />
              <g
                class="glyph"
                fill="rgb(10, 171, 42)"
                transform="translate(-24 -24) scale(3)"
              >
                <path
                  d="M6,5 L10.6153846,5 L10.6153846,19 L6,19 L6,5 Z M13.3846154,5 L18,5 L18,19 L13.3846154,19 L13.3846154,5 Z"
                  id="Combined-Shape"
                />
              </g>
            </g>
          </svg>
          <span
            style="font-size:14px;position:absolute;bottom:10px;width:100%;left:0px"
          >
            Pause Polling
          </span>
        </button>
      </div>
      <div
        class="c10"
        style="top:0px"
      />
    </div>
    <div
      class="c11"
      id="ctrl-slider-Instance Polling"
    >
      <div
        aria-disabled="false"
        class="input-range"
      >
        <span
          class="input-range__label input-range__label--min"
        >
          <span
            class="input-range__label-container"
          >
            5
          </span>
        </span>
        <div
          class="input-range__track input-range__track--background"
        >
          <div
            class="input-range__track input-range__track--active"
            style="left:0%;width:0%"
          />
          <span
            class="input-range__slider-container"
            style="position:absolute;left:0%"
          >
            <span
              class="input-range__label input-range__label--value"
            >
              <span
                class="input-range__label-container"
              >
                5
              </span>
            </span>
            <div
              aria-valuemax="120"
              aria-valuemin="5"
              aria-valuenow="5"
              class="input-range__slider"
              draggable="false"
              role="slider"
              tabindex="0"
            />
          </span>
        </div>
        <span
          class="input-range__label input-range__label--max"
        >
          <span
            class="input-range__label-container"
          >
            120
          </span>
        </span>
      </div>
      <span
        class="label"
        id="interval-name-Instance Polling"
      >
        Polling Interval(s)
      </span>
    </div>
  </div>
</section>
`;
