// Jest Snapshot v1, https://goo.gl/fbAQLP

exports[`ThreadsGrid View matches snapshot 1`] = `
[
  <div
    class="sc-ikkxIA dOESoQ"
  >
    <div
      class="sc-dAbbOL gzYpgy"
    >
      <form>
        <input
          aria-label="Search Threads"
          class="sc-cPiKLX diRBqj"
          placeholder="Search Threads"
          type="search"
          value=""
        />
      </form>
    </div>
    <div
      class="sc-fUnMCh fWeXa"
    />
    <div
      class="sc-feUZmu edeCEJ"
    >
      <div
        class="Select sc-fPXMVe drsIcf has-value is-searchable Select--single"
      >
        <input
          name="form-field-group-by"
          type="hidden"
          value="none"
        />
        <div
          class="Select-control"
        >
          <span
            class="Select-multi-value-wrapper"
            id="react-select-4--value"
          >
            <div
              class="Select-value"
            >
              <span
                aria-selected="true"
                class="Select-value-label"
                id="react-select-4--value-item"
                role="option"
              >
                <span>
                  <span>
                    Group 
                  </span>
                  <span
                    class="sc-gFqAkR esafbX"
                  >
                    None
                  </span>
                </span>
              </span>
            </div>
            <div
              class="Select-input"
              style="display:inline-block"
            >
              <input
                aria-activedescendant="react-select-4--value"
                aria-expanded="false"
                aria-haspopup="false"
                aria-owns=""
                role="combobox"
                style="box-sizing:content-box;width:5px"
                value=""
              />
              <div
                style="position:absolute;top:0;left:0;visibility:hidden;height:0;overflow:scroll;white-space:pre"
              />
            </div>
          </span>
          <span
            class="Select-arrow-zone"
          >
            <span
              class="Select-arrow"
            />
          </span>
        </div>
      </div>
      <div
        class="Select sc-fPXMVe drsIcf has-value is-searchable Select--single"
      >
        <input
          name="form-field-sort-by"
          type="hidden"
          value="id"
        />
        <div
          class="Select-control"
        >
          <span
            class="Select-multi-value-wrapper"
            id="react-select-5--value"
          >
            <div
              class="Select-value"
            >
              <span
                aria-selected="true"
                class="Select-value-label"
                id="react-select-5--value-item"
                role="option"
              >
                <span>
                  <span>
                    Sort 
                  </span>
                  <span
                    class="sc-gFqAkR esafbX"
                  >
                    ID
                  </span>
                </span>
              </span>
            </div>
            <div
              class="Select-input"
              style="display:inline-block"
            >
              <input
                aria-activedescendant="react-select-5--value"
                aria-expanded="false"
                aria-haspopup="false"
                aria-owns=""
                role="combobox"
                style="box-sizing:content-box;width:5px"
                value=""
              />
              <div
                style="position:absolute;top:0;left:0;visibility:hidden;height:0;overflow:scroll;white-space:pre"
              />
            </div>
          </span>
          <span
            class="Select-arrow-zone"
          >
            <span
              class="Select-arrow"
            />
          </span>
        </div>
      </div>
    </div>
  </div>,
  <div
    class="sc-dAlyuH jUfBmT"
  >
    <div
      class="sc-aXZVg hzbXYb"
    >
      <div
        class="sc-gEvEer sc-eqUAAy sc-fqkvVR gVslNl kANjAX jrxxzg"
        style="text-align:center"
      >
        <span>
          State
        </span>
      </div>
      <div
        class="sc-gEvEer sc-eqUAAy sc-fqkvVR gVslNl kANjAX jrxxzg"
        style="text-align:center"
      >
        <span>
          ID
        </span>
      </div>
      <div
        class="sc-gEvEer sc-eqUAAy gVslNl kANjAX"
      >
        <span>
          Name
        </span>
      </div>
      <div
        class="sc-gEvEer sc-eqUAAy sc-fqkvVR gVslNl kANjAX jrxxzg"
        style="text-align:right;flex:0 1 7em"
      >
        <span>
          Daemon
        </span>
      </div>
      <div
        class="sc-gEvEer sc-eqUAAy sc-fqkvVR gVslNl kANjAX jrxxzg"
        style="text-align:right;flex:0 1 7em"
      >
        <span>
          Priority
        </span>
      </div>
      <div
        class="sc-gEvEer sc-eqUAAy sc-fqkvVR gVslNl kANjAX jrxxzg"
      />
    </div>
    <ol
      class="sc-dcJsrY hsrmcx"
    >
      <li
        class="sc-imWYAI eASLtf"
        role="link"
        tabindex="0"
      >
        <div
          class="sc-gEvEer sc-gsFSXq gVslNl drGGol"
        >
          <svg
            aria-labelledby="ariaLabelledby"
            class="sc-dhKdcB gWXFop"
            focusable="false"
            version="1.1"
            viewBox="0 0 24 24"
            xlink="http://www.w3.org/1999/xlink"
            xmlns="http://www.w3.org/2000/svg"
          >
            <g
              class="iconBackground"
              fill="rgb(10, 171, 42)"
              fill-opacity=".3"
              fill-rule="evenodd"
              id="Square"
            >
              <path
                d="M12,21 C7.02943725,21 3,16.9705627 3,12 C3,7.02943725 7.02943725,3 12,3 C16.9705627,3 21,7.02943725 21,12 C21,16.9705627 16.9705627,21 12,21 Z"
                id="BackgroundCircleSmall"
              />
            </g>
            <g
              class="sc-jXbUNg lkMoOK"
              fill="currentColor"
              title=""
            >
              <title />
              <path
                d="M11,9.86851709 L11,14.1314829 L14.1972244,12 L11,9.86851709 Z M16,12 L10,16 L10,8 L16,12 Z"
                id="GlyphRunningSmall"
              />
            </g>
          </svg>
        </div>
        <div
          class="sc-gEvEer sc-gsFSXq gVslNl drGGol"
        >
          2
        </div>
        <div
          class="sc-gEvEer gVslNl"
        >
          Test Runnable
        </div>
        <div
          class="sc-gEvEer sc-gsFSXq gVslNl ilosHa"
        >
          Yes
        </div>
        <div
          class="sc-gEvEer sc-gsFSXq gVslNl ilosHa"
        >
          8
        </div>
        <div
          class="sc-gEvEer sc-gsFSXq gVslNl drGGol"
        >
          <svg
            aria-labelledby="ariaLabelledby"
            class="sc-dhKdcB cMqCnH"
            focusable="false"
            version="1.1"
            viewBox="0 0 24 24"
            xlink="http://www.w3.org/1999/xlink"
            xmlns="http://www.w3.org/2000/svg"
          >
            <g
              class="sc-jXbUNg lkMoOK"
              fill="currentColor"
              title=""
            >
              <title />
              <g
                class="glyph"
                fill="currentColor"
                transform="translate(0 0) scale(1)"
              >
                <path
                  d="M7,7 L19,7 L19,9 L7,9 L7,7 Z M6,11 L18,11 L18,13 L6,13 L6,11 Z M5,15 L17,15 L17,17 L5,17 L5,15 Z"
                  id="shape"
                />
              </g>
            </g>
          </svg>
        </div>
      </li>
    </ol>
  </div>,
]
`;
