// Jest Snapshot v1, https://goo.gl/fbAQLP

exports[`Service Instance View: JVM/GO/HTTP <GMGrid> matches snapshot 1`] = `
<DocumentFragment>
  <div
    data-testid="error-boundary"
  >
    <div
      data-testid="grid"
    >
      <div
        style="overflow: hidden;"
      >
        <div
          data-testid="gm-table"
        />
      </div>
      <div
        style="overflow: hidden;"
      >
        <div
          data-testid="gm-basic-metrics"
        />
      </div>
      <div
        style="overflow: hidden;"
      >
        <div
          data-testid="gm-line-chart"
        />
      </div>
      <div
        style="overflow: hidden;"
      >
        <div
          data-testid="gm-line-chart"
        />
      </div>
    </div>
  </div>
</DocumentFragment>
`;
