// Vitest Snapshot v1, https://vitest.dev/guide/snapshot.html

exports[`DismissButtonContainer > matches snapshot 1`] = `
<DocumentFragment>
  .c0 {
  position: absolute;
  cursor: pointer;
  top: 8px;
  right: 8px;
  transition: all 0.3s ease;
  pointer-events: auto;
  z-index: 100;
  opacity: 0.125;
}

.c0:hover,
.c0:focus {
  opacity: 1;
  transition: all 0.1s ease;
  transform: scale(1.25);
}

.c0:active {
  opacity: 1;
  transition: all 0s ease;
  transform: scale(1.1);
}

.Toastify__toast:hover .c0 {
  opacity: 1;
}

<div
    class="c0"
  />
</DocumentFragment>
`;
