// Vitest Snapshot v1, https://vitest.dev/guide/snapshot.html

exports[`BorderSquare > matches snapshot 1`] = `
<DocumentFragment>
  <svg>
    <rect
      height="18"
      id="Rectangle-24"
      shape-rendering="crispEdges"
      width="18"
      x="3"
      y="3"
    />
  </svg>
</DocumentFragment>
`;
