// Vitest Snapshot v1, https://vitest.dev/guide/snapshot.html

exports[`ServicesCardsView component rendering > Has a snapshot 1`] = `
<DocumentFragment>
  .c1 {
  display: flex;
  padding: 0 16px 24px;
  max-width: 1300px;
  width: 100%;
  margin-left: auto;
  margin-right: auto;
}

.c0 {
  display: flex;
  padding: 8px 16px 0;
  position: sticky;
  top: 0;
  z-index: 1010;
  background-color: rgb(255, 255, 255);
  max-width: 1300px;
  width: 100%;
  margin-left: auto;
  margin-right: auto;
}

<div
    data-testid="view-container"
  >
    <div
      data-testid="cards-view"
    >
      <div
        class="c0"
      >
        <div
          data-testid="service-header"
        />
      </div>
      <div
        class="c1"
      >
        <div
          data-testid="card-collection"
        />
      </div>
    </div>
    <div
      data-testid="cards-view"
    >
      <div
        class="c0"
      >
        <div
          data-testid="service-header"
        />
      </div>
      <div
        class="c1"
      >
        <div
          data-testid="card-collection"
        />
      </div>
    </div>
    <div
      data-testid="cards-view"
    >
      <div
        class="c0"
      >
        <div
          data-testid="service-header"
        />
      </div>
      <div
        class="c1"
      >
        <div
          data-testid="card-collection"
        />
      </div>
    </div>
  </div>
</DocumentFragment>
`;
