// Jest Snapshot v1, https://goo.gl/fbAQLP

exports[`MetricsGraphDisplay matches snapshot 1`] = `
<DocumentFragment>
  .c0 {
  align-items: center;
  display: flex;
  flex: 1 1 100%;
  flex-direction: column;
  justify-content: center;
  position: relative;
}

@media all and (min-width: 800px) {
  .c0 {
    flex: 1 0 60%;
  }
}

<div
    class="c0"
  />
</DocumentFragment>
`;
