// Jest Snapshot v1, https://goo.gl/fbAQLP

exports[`MetricsList matches snapshot 1`] = `
.c0 {
  border-right: 1px solid hsl(0,0%,92%);
  -webkit-flex: 0 0 300px;
  -ms-flex: 0 0 300px;
  flex: 0 0 300px;
  margin-bottom: 16px;
  position: relative;
}

@media all and (min-width:800px) {
  .c0 {
    -webkit-flex: 0 0 40%;
    -ms-flex: 0 0 40%;
    flex: 0 0 40%;
    margin-bottom: 0;
    margin-right: 16px;
    max-width: 550px;
  }
}

<div
  className="c0"
/>
`;
