// Vitest Snapshot v1, https://vitest.dev/guide/snapshot.html

exports[`ViewExplorer > matches snapshot 1`] = `
<DocumentFragment>
  .c0 {
  align-items: stretch;
  display: flex;
  flex: 1 1 100%;
  flex-direction: column;
  height: 100%;
  min-height: 400px;
  padding: 0 16px 16px;
}

@media all and (min-width: 800px) {
  .c0 {
    flex-direction: row;
  }
}

<div
    class="c0"
  />
</DocumentFragment>
`;
