// Jest Snapshot v1, https://goo.gl/fbAQLP

exports[`ItemDisplay matches snapshot 1`] = `
<DocumentFragment>
  .c0 {
  align-items: center;
  display: flex;
  flex: 0 1 100%;
  -webkit-flex: 1 1 0;
  flex-direction: row;
  justify-content: center;
  min-height: 75px;
  padding: 8px 4px;
  position: relative;
}

.c0+.c0:before {
  border-top: 1px solid currentColor;
  content: "";
  left: 0;
  opacity: 0.125;
  position: absolute;
  right: 0;
  top: 0;
}

.c0 button {
  align-self: center;
  margin: 8px 0;
}

<div
    class="c0"
  />
</DocumentFragment>
`;
