// Jest Snapshot v1, https://goo.gl/fbAQLP

exports[`LayoutSectionWrap matches snapshot 1`] = `
<DocumentFragment>
  .c0 {
  align-items: stretch;
  color: rgb(32, 32, 32);
  display: flex;
  flex: 0 0 auto;
  flex-direction: column;
  margin-bottom: 32px;
}

.c0:first-of-type >* {
  border-top: 0;
}

<section
    class="c0"
  />
</DocumentFragment>
`;
