// Jest Snapshot v1, https://goo.gl/fbAQLP

exports[`BrandText matches snapshot 1`] = `
<DocumentFragment>
  .c0 {
  color: rgb(255, 255, 255);
  flex: 0 0 auto;
  font-size: 14px;
  font-weight: 600;
  letter-spacing: 0.03em;
}

.c0 >a {
  color: rgb(217, 217, 217);
}

.c0 >a:hover {
  color: rgb(255, 255, 255);
}

<span
    class="c0"
  />
</DocumentFragment>
`;
