// Jest Snapshot v1, https://goo.gl/fbAQLP

exports[`Breadcrumb matches snapshot 1`] = `
<DocumentFragment>
  .c0 {
  align-items: center;
  color: black;
  display: flex;
  flex: 0 0 auto;
}

.c0:before {
  color: rgb(204, 204, 204);
  content: ">";
  display: flex;
  padding: 0 4px;
  transform: scaleX(0.5);
}

.c0 a {
  color: rgb(217, 217, 217);
  display: flex;
  max-width: auto;
  padding: 8px 0;
  text-overflow: ellipsis;
  white-space: nowrap;
}

.c0 a:hover {
  color: rgb(255, 255, 255);
}

.c0:first-child:before {
  content: none;
}

.c0:first-child a {
  padding-left: 16px;
}

@media (max-width: 800px) {
  .c0 {
    max-width: calc(100vw/4);
    overflow: hidden;
  }
}

@media (max-width: 567px) {
  .c0 {
    max-width: calc(100vw/9);
    overflow: hidden;
  }
}

<li
    class="c0"
  />
</DocumentFragment>
`;
