// Jest Snapshot v1, https://goo.gl/fbAQLP

exports[`Copyright should render when screen is 800px or higher 1`] = `
<DocumentFragment>
  .c0 {
  font-size: 9px;
  margin: 0;
  flex: 0 0 100%;
  text-align: center;
  transition: opacity 0.2s ease;
  cursor: default;
  color: rgb(32, 32, 32);
  border-top: 1px solid rgb(230, 230, 230);
  margin-top: 8px;
  padding: 8px;
  order: 3;
}

@media all and (min-width: 800px) {
  .c0 {
    order: initial;
    flex: 1 1 auto;
    padding: 0;
    margin: 0;
    border: none;
  }
}

<p
    class="c0"
  />
</DocumentFragment>
`;
