// Jest Snapshot v1, https://goo.gl/fbAQLP

exports[`LongLogo should render 1`] = `
<DocumentFragment>
  .c0 {
  flex: 0 1 auto;
  text-align: left;
  padding: 0 8px;
  transition: all 0.2s ease;
  opacity: 0.8;
  filter: grayscale(100%);
}

.c0:hover {
  opacity: 1;
  transition: all 0.2s ease;
  filter: grayscale(0%);
}

.c0 img {
  max-width: 157px;
}

<a
    class="c0"
  />
</DocumentFragment>
`;
