// Jest Snapshot v1, https://goo.gl/fbAQLP

exports[`Service View matches snapshot 1`] = `
<div>
  <div
    class="sc-kOPcWz jnKXzD"
  >
    <div
      class="sc-cWSHoV evaeyq"
    >
      <form>
        <input
          aria-label="Search Instances"
          class="sc-koXPp iTWkcy"
          placeholder="Search Instances"
          type="search"
          value=""
        />
      </form>
    </div>
    <div
      class="sc-dCFHLb hrYBdC"
    />
    <div
      class="sc-eBMEME cuuClm"
    >
      <div
        class="Select sc-kOHTFB bgssjn has-value is-searchable Select--single"
      >
        <input
          name="form-field-sort-by"
          type="hidden"
          value="name"
        />
        <div
          class="Select-control"
        >
          <span
            class="Select-multi-value-wrapper"
            id="react-select-3--value"
          >
            <div
              class="Select-value"
            >
              <span
                aria-selected="true"
                class="Select-value-label"
                id="react-select-3--value-item"
                role="option"
              >
                <span>
                  <span>
                    Sort 
                  </span>
                  <span
                    class="sc-dtInlm Wppst"
                  >
                    Name
                  </span>
                </span>
              </span>
            </div>
            <div
              class="Select-input"
              style="display:inline-block"
            >
              <input
                aria-activedescendant="react-select-3--value"
                aria-expanded="false"
                aria-haspopup="false"
                aria-owns=""
                role="combobox"
                style="box-sizing:content-box;width:5px"
                value=""
              />
              <div
                style="position:absolute;top:0;left:0;visibility:hidden;height:0;overflow:scroll;white-space:pre"
              />
            </div>
          </span>
          <span
            class="Select-arrow-zone"
          >
            <span
              class="Select-arrow"
            />
          </span>
        </div>
      </div>
    </div>
  </div>
  <div
    class="sc-feUZmu gfVOQS"
  >
    <div
      class="sc-fUnMCh lgOKxe"
    >
      <div
        class="sc-kpDqfm sc-fHjqPf ixXcqK fOvYjE"
        style="flex:1 1 20%"
      >
        <span>
          Instance
        </span>
      </div>
      <div
        class="sc-kpDqfm sc-fHjqPf ixXcqK fOvYjE"
        style="text-align:right"
      >
        <span>
          Uptime
        </span>
      </div>
    </div>
    <ol
      class="sc-hzhJZQ cFnspL"
    >
      <li
        class="sc-dhKdcB aSYEc"
        tabindex="0"
      >
        <div
          class="sc-kpDqfm ixXcqK"
          style="flex:1 1 20%"
        >
          <div
            class="sc-ikkxIA eYhErn"
            disabled=""
            style="border:none"
          >
            <a
              class="sc-fPXMVe iuxEnB"
              href="/cool-service-v1-0/serviceID1"
            >
              serviceID1
            </a>
            <div
              class="sc-gFqAkR llNZjD"
            >
              This microservice instance does not have metrics to display.
            </div>
          </div>
        </div>
        <div
          class="sc-kpDqfm sc-eldPxv ixXcqK bxHTdz"
        >
          <div
            class="sc-dAbbOL jWIHso"
          />
        </div>
      </li>
      <li
        class="sc-dhKdcB aSYEc"
        tabindex="0"
      >
        <div
          class="sc-kpDqfm ixXcqK"
          style="flex:1 1 20%"
        >
          <div
            class="sc-ikkxIA eYhErn"
            disabled=""
            style="border:none"
          >
            <a
              class="sc-fPXMVe iuxEnB"
              href="/cool-service-v1-0/serviceID2"
            >
              serviceID2
            </a>
            <div
              class="sc-gFqAkR llNZjD"
            >
              This microservice instance does not have metrics to display.
            </div>
          </div>
        </div>
        <div
          class="sc-kpDqfm sc-eldPxv ixXcqK bxHTdz"
        >
          <div
            class="sc-dAbbOL jWIHso"
          />
        </div>
      </li>
      <li
        class="sc-dhKdcB aSYEc"
        tabindex="0"
      >
        <div
          class="sc-kpDqfm ixXcqK"
          style="flex:1 1 20%"
        >
          <div
            class="sc-ikkxIA eYhErn"
            disabled=""
            style="border:none"
          >
            <a
              class="sc-fPXMVe iuxEnB"
              href="/cool-service-v1-0/serviceID3"
            >
              serviceID3
            </a>
            <div
              class="sc-gFqAkR llNZjD"
            >
              This microservice instance does not have metrics to display.
            </div>
          </div>
        </div>
        <div
          class="sc-kpDqfm sc-eldPxv ixXcqK bxHTdz"
        >
          <div
            class="sc-dAbbOL jWIHso"
          />
        </div>
      </li>
    </ol>
  </div>
</div>
`;
