// Vitest Snapshot v1, https://vitest.dev/guide/snapshot.html

exports[`PollingSliderContainer > matches snapshot 1`] = `
<DocumentFragment>
  .c0 {
  align-items: center;
  border: 1px solid rgb(230, 230, 230);
  border-radius: 3px;
  display: flex;
  flex: 0 1 50%;
  flex-direction: column;
  justify-content: center;
  margin-left: 16px;
  padding: 32px;
  position: relative;
}

.c0 .label {
  font-size: 14px;
  text-align: center;
  width: 100%;
}

<div
    class="c0"
  />
</DocumentFragment>
`;
